
 Start         Length     Name                   Class
 0001:00401000 000715ACH .text                   CODE
 0002:00473000 00000870H .itext                  ICODE
 0003:00474000 00005600H .data                   DATA
 0004:0047A000 00005138H .bss                    BSS
 0005:00000000 00000038H .tls                    TLS


Detailed map of segments

 0001:00000000 000055B9 C=CODE     S=.text    G=(none)   M=System   ACBP=A9
 0001:000055BC 00000105 C=CODE     S=.text    G=(none)   M=SysInit  ACBP=A9
 0001:000056C4 00000058 C=CODE     S=.text    G=(none)   M=Types    ACBP=A9
 0001:0000571C 00000BD4 C=CODE     S=.text    G=(none)   M=Windows  ACBP=A9
 0001:000062F0 00000021 C=CODE     S=.text    G=(none)   M=ActiveX  ACBP=A9
 0001:00006314 000002E0 C=CODE     S=.text    G=(none)   M=SysConst ACBP=A9
 0001:000065F4 000069C5 C=CODE     S=.text    G=(none)   M=SysUtils ACBP=A9
 0001:0000CFBC 000007EE C=CODE     S=.text    G=(none)   M=VarUtils ACBP=A9
 0001:0000D7AC 00002990 C=CODE     S=.text    G=(none)   M=Variants ACBP=A9
 0001:0001013C 00000100 C=CODE     S=.text    G=(none)   M=RTLConsts ACBP=A9
 0001:0001023C 000008DB C=CODE     S=.text    G=(none)   M=TypInfo  ACBP=A9
 0001:00010B18 0000A5A9 C=CODE     S=.text    G=(none)   M=Classes  ACBP=A9
 0001:0001B0C4 00000191 C=CODE     S=.text    G=(none)   M=Contnrs  ACBP=A9
 0001:0001B258 00001262 C=CODE     S=.text    G=(none)   M=HelpIntfs ACBP=A9
 0001:0001C4BC 00000772 C=CODE     S=.text    G=(none)   M=MultiMon ACBP=A9
 0001:0001CC30 00000142 C=CODE     S=.text    G=(none)   M=CommCtrl ACBP=A9
 0001:0001CD74 000002D0 C=CODE     S=.text    G=(none)   M=Consts   ACBP=A9
 0001:0001D044 0000005D C=CODE     S=.text    G=(none)   M=IniFiles ACBP=A9
 0001:0001D0A4 000005C5 C=CODE     S=.text    G=(none)   M=Registry ACBP=A9
 0001:0001D66C 00009512 C=CODE     S=.text    G=(none)   M=Graphics ACBP=A9
 0001:00026B80 0000016A C=CODE     S=.text    G=(none)   M=SyncObjs ACBP=A9
 0001:00026CEC 00000BB9 C=CODE     S=.text    G=(none)   M=UxTheme  ACBP=A9
 0001:000278A8 00000194 C=CODE     S=.text    G=(none)   M=DwmApi   ACBP=A9
 0001:00027A3C 00000006 C=CODE     S=.text    G=(none)   M=ShellAPI ACBP=A9
 0001:00027A44 000001E4 C=CODE     S=.text    G=(none)   M=ShlObj   ACBP=A9
 0001:00027C28 00004ACB C=CODE     S=.text    G=(none)   M=StdCtrls ACBP=A9
 0001:0002C6F4 0000003A C=CODE     S=.text    G=(none)   M=Printers ACBP=A9
 0001:0002C730 00000006 C=CODE     S=.text    G=(none)   M=CommDlg  ACBP=A9
 0001:0002C738 00000047 C=CODE     S=.text    G=(none)   M=WideStrUtils ACBP=A9
 0001:0002C780 000000B0 C=CODE     S=.text    G=(none)   M=StrUtils ACBP=A9
 0001:0002C830 00000D76 C=CODE     S=.text    G=(none)   M=GraphUtil ACBP=A9
 0001:0002D5A8 0000100A C=CODE     S=.text    G=(none)   M=ExtCtrls ACBP=A9
 0001:0002E5B4 00004888 C=CODE     S=.text    G=(none)   M=Dialogs  ACBP=A9
 0001:00032E3C 0000003A C=CODE     S=.text    G=(none)   M=Clipbrd  ACBP=A9
 0001:00032E78 0000012D C=CODE     S=.text    G=(none)   M=StdActns ACBP=A9
 0001:00032FA8 0000030E C=CODE     S=.text    G=(none)   M=FlatSB   ACBP=A9
 0001:000332B8 00007AE1 C=CODE     S=.text    G=(none)   M=Menus    ACBP=A9
 0001:0003AD9C 00013DC0 C=CODE     S=.text    G=(none)   M=Controls ACBP=A9
 0001:0004EB5C 00000CB2 C=CODE     S=.text    G=(none)   M=Themes   ACBP=A9
 0001:0004F810 000016DD C=CODE     S=.text    G=(none)   M=ImgList  ACBP=A9
 0001:00050EF0 00001332 C=CODE     S=.text    G=(none)   M=ActnList ACBP=A9
 0001:00052224 0000F484 C=CODE     S=.text    G=(none)   M=Forms    ACBP=A9
 0001:000616A8 00000090 C=CODE     S=.text    G=(none)   M=frxpnglang ACBP=A9
 0001:00061738 00005C90 C=CODE     S=.text    G=(none)   M=frxZLib  ACBP=A9
 0001:000673C8 000076C6 C=CODE     S=.text    G=(none)   M=frxpngimage ACBP=A9
 0001:0006EA90 000000CD C=CODE     S=.text    G=(none)   M=Buttons  ACBP=A9
 0001:0006EB60 0000007C C=CODE     S=.text    G=(none)   M=ExtDlgs  ACBP=A9
 0001:0006EBDC 00000062 C=CODE     S=.text    G=(none)   M=Mapi     ACBP=A9
 0001:0006EC40 0000004D C=CODE     S=.text    G=(none)   M=ExtActns ACBP=A9
 0001:0006EC90 00001E5C C=CODE     S=.text    G=(none)   M=ComCtrls ACBP=A9
 0001:00070AEC 00000888 C=CODE     S=.text    G=(none)   M=frm_main ACBP=A9
 0001:00071374 00000238 C=CODE     S=.text    G=(none)   M=SqlitePwd ACBP=A9
 0002:00000000 00000095 C=ICODE    S=.itext   G=(none)   M=System   ACBP=A9
 0002:00000098 00000011 C=ICODE    S=.itext   G=(none)   M=Windows  ACBP=A9
 0002:000000AC 00000088 C=ICODE    S=.itext   G=(none)   M=SysUtils ACBP=A9
 0002:00000134 0000000F C=ICODE    S=.itext   G=(none)   M=VarUtils ACBP=A9
 0002:00000144 000000AA C=ICODE    S=.itext   G=(none)   M=Variants ACBP=A9
 0002:000001F0 00000008 C=ICODE    S=.itext   G=(none)   M=TypInfo  ACBP=A9
 0002:000001F8 00000092 C=ICODE    S=.itext   G=(none)   M=Classes  ACBP=A9
 0002:0000028C 00000008 C=ICODE    S=.itext   G=(none)   M=HelpIntfs ACBP=A9
 0002:00000294 0000000F C=ICODE    S=.itext   G=(none)   M=MultiMon ACBP=A9
 0002:000002A4 00000008 C=ICODE    S=.itext   G=(none)   M=IniFiles ACBP=A9
 0002:000002AC 00000008 C=ICODE    S=.itext   G=(none)   M=Registry ACBP=A9
 0002:000002B4 000000FB C=ICODE    S=.itext   G=(none)   M=Graphics ACBP=A9
 0002:000003B0 0000001B C=ICODE    S=.itext   G=(none)   M=UxTheme  ACBP=A9
 0002:000003CC 00000008 C=ICODE    S=.itext   G=(none)   M=DwmApi   ACBP=A9
 0002:000003D4 00000008 C=ICODE    S=.itext   G=(none)   M=Printers ACBP=A9
 0002:000003DC 00000098 C=ICODE    S=.itext   G=(none)   M=GraphUtil ACBP=A9
 0002:00000474 00000044 C=ICODE    S=.itext   G=(none)   M=ExtCtrls ACBP=A9
 0002:000004B8 0000003D C=ICODE    S=.itext   G=(none)   M=Dialogs  ACBP=A9
 0002:000004F8 00000058 C=ICODE    S=.itext   G=(none)   M=Clipbrd  ACBP=A9
 0002:00000550 0000000F C=ICODE    S=.itext   G=(none)   M=FlatSB   ACBP=A9
 0002:00000560 00000085 C=ICODE    S=.itext   G=(none)   M=Menus    ACBP=A9
 0002:000005E8 0000008F C=ICODE    S=.itext   G=(none)   M=Controls ACBP=A9
 0002:00000678 00000008 C=ICODE    S=.itext   G=(none)   M=Themes   ACBP=A9
 0002:00000680 0000002A C=ICODE    S=.itext   G=(none)   M=ActnList ACBP=A9
 0002:000006AC 00000070 C=ICODE    S=.itext   G=(none)   M=Forms    ACBP=A9
 0002:0000071C 000000AC C=ICODE    S=.itext   G=(none)   M=frxpngimage ACBP=A9
 0002:000007C8 00000025 C=ICODE    S=.itext   G=(none)   M=Buttons  ACBP=A9
 0002:000007F0 00000014 C=ICODE    S=.itext   G=(none)   M=ExtDlgs  ACBP=A9
 0002:00000804 00000008 C=ICODE    S=.itext   G=(none)   M=Mapi     ACBP=A9
 0002:0000080C 00000008 C=ICODE    S=.itext   G=(none)   M=ExtActns ACBP=A9
 0002:00000814 00000008 C=ICODE    S=.itext   G=(none)   M=ComCtrls ACBP=A9
 0002:0000081C 00000053 C=ICODE    S=.itext   G=(none)   M=SqlitePwd ACBP=A9
 0003:00000000 00000788 C=DATA     S=.data    G=DGROUP   M=System   ACBP=A9
 0003:00000788 00000020 C=DATA     S=.data    G=DGROUP   M=SysInit  ACBP=A9
 0003:000007A8 00000250 C=DATA     S=.data    G=DGROUP   M=SysUtils ACBP=A9
 0003:000009F8 00000008 C=DATA     S=.data    G=DGROUP   M=VarUtils ACBP=A9
 0003:00000A00 0000008E C=DATA     S=.data    G=DGROUP   M=Variants ACBP=A9
 0003:00000A90 0000000C C=DATA     S=.data    G=DGROUP   M=TypInfo  ACBP=A9
 0003:00000A9C 00000064 C=DATA     S=.data    G=DGROUP   M=Classes  ACBP=A9
 0003:00000B00 00000008 C=DATA     S=.data    G=DGROUP   M=IniFiles ACBP=A9
 0003:00000B08 00000008 C=DATA     S=.data    G=DGROUP   M=Registry ACBP=A9
 0003:00000B10 00000314 C=DATA     S=.data    G=DGROUP   M=Graphics ACBP=A9
 0003:00000E24 00000020 C=DATA     S=.data    G=DGROUP   M=ShlObj   ACBP=A9
 0003:00000E44 0000005C C=DATA     S=.data    G=DGROUP   M=StdCtrls ACBP=A9
 0003:00000EA0 00000004 C=DATA     S=.data    G=DGROUP   M=Printers ACBP=A9
 0003:00000EA4 00000450 C=DATA     S=.data    G=DGROUP   M=GraphUtil ACBP=A9
 0003:000012F4 00000194 C=DATA     S=.data    G=DGROUP   M=Dialogs  ACBP=A9
 0003:00001488 0000012C C=DATA     S=.data    G=DGROUP   M=Menus    ACBP=A9
 0003:000015B4 00000140 C=DATA     S=.data    G=DGROUP   M=Controls ACBP=A9
 0003:000016F4 00000068 C=DATA     S=.data    G=DGROUP   M=Themes   ACBP=A9
 0003:0000175C 00000020 C=DATA     S=.data    G=DGROUP   M=ImgList  ACBP=A9
 0003:0000177C 0000013C C=DATA     S=.data    G=DGROUP   M=Forms    ACBP=A9
 0003:000018B8 000036C0 C=DATA     S=.data    G=DGROUP   M=frxZLib  ACBP=A9
 0003:00004F78 00000168 C=DATA     S=.data    G=DGROUP   M=frxpngimage ACBP=A9
 0003:000050E0 0000002C C=DATA     S=.data    G=DGROUP   M=Buttons  ACBP=A9
 0003:0000510C 00000018 C=DATA     S=.data    G=DGROUP   M=ExtDlgs  ACBP=A9
 0003:00005124 00000008 C=DATA     S=.data    G=DGROUP   M=Mapi     ACBP=A9
 0003:0000512C 00000028 C=DATA     S=.data    G=DGROUP   M=ComCtrls ACBP=A9
 0004:00000000 000027F0 C=BSS      S=.bss     G=DGROUP   M=System   ACBP=A9
 0004:000027F0 0000000C C=BSS      S=.bss     G=DGROUP   M=SysInit  ACBP=A9
 0004:000027FC 00000008 C=BSS      S=.bss     G=DGROUP   M=Windows  ACBP=A9
 0004:00002804 00002108 C=BSS      S=.bss     G=DGROUP   M=SysUtils ACBP=A9
 0004:0000490C 0000005C C=BSS      S=.bss     G=DGROUP   M=VarUtils ACBP=A9
 0004:00004968 00000040 C=BSS      S=.bss     G=DGROUP   M=Variants ACBP=A9
 0004:000049A8 00000004 C=BSS      S=.bss     G=DGROUP   M=TypInfo  ACBP=A9
 0004:000049AC 00000040 C=BSS      S=.bss     G=DGROUP   M=Classes  ACBP=A9
 0004:000049EC 00000008 C=BSS      S=.bss     G=DGROUP   M=HelpIntfs ACBP=A9
 0004:000049F4 00000031 C=BSS      S=.bss     G=DGROUP   M=MultiMon ACBP=A9
 0004:00004A28 00000008 C=BSS      S=.bss     G=DGROUP   M=CommCtrl ACBP=A9
 0004:00004A30 00000004 C=BSS      S=.bss     G=DGROUP   M=IniFiles ACBP=A9
 0004:00004A34 00000004 C=BSS      S=.bss     G=DGROUP   M=Registry ACBP=A9
 0004:00004A38 00000060 C=BSS      S=.bss     G=DGROUP   M=Graphics ACBP=A9
 0004:00004A98 000000DC C=BSS      S=.bss     G=DGROUP   M=UxTheme  ACBP=A9
 0004:00004B74 00000010 C=BSS      S=.bss     G=DGROUP   M=DwmApi   ACBP=A9
 0004:00004B84 00000008 C=BSS      S=.bss     G=DGROUP   M=ShlObj   ACBP=A9
 0004:00004B8C 00000004 C=BSS      S=.bss     G=DGROUP   M=Printers ACBP=A9
 0004:00004B90 00000010 C=BSS      S=.bss     G=DGROUP   M=GraphUtil ACBP=A9
 0004:00004BA0 00000008 C=BSS      S=.bss     G=DGROUP   M=ExtCtrls ACBP=A9
 0004:00004BA8 0000000C C=BSS      S=.bss     G=DGROUP   M=Dialogs  ACBP=A9
 0004:00004BB4 0000000C C=BSS      S=.bss     G=DGROUP   M=Clipbrd  ACBP=A9
 0004:00004BC0 00000034 C=BSS      S=.bss     G=DGROUP   M=FlatSB   ACBP=A9
 0004:00004BF4 00000010 C=BSS      S=.bss     G=DGROUP   M=Menus    ACBP=A9
 0004:00004C04 00000088 C=BSS      S=.bss     G=DGROUP   M=Controls ACBP=A9
 0004:00004C8C 0000000C C=BSS      S=.bss     G=DGROUP   M=Themes   ACBP=A9
 0004:00004C98 00000008 C=BSS      S=.bss     G=DGROUP   M=ImgList  ACBP=A9
 0004:00004CA0 00000004 C=BSS      S=.bss     G=DGROUP   M=ActnList ACBP=A9
 0004:00004CA4 00000031 C=BSS      S=.bss     G=DGROUP   M=Forms    ACBP=A9
 0004:00004CD8 00000409 C=BSS      S=.bss     G=DGROUP   M=frxpngimage ACBP=A9
 0004:000050E4 00000030 C=BSS      S=.bss     G=DGROUP   M=Buttons  ACBP=A9
 0004:00005114 00000004 C=BSS      S=.bss     G=DGROUP   M=ExtDlgs  ACBP=A9
 0004:00005118 00000004 C=BSS      S=.bss     G=DGROUP   M=Mapi     ACBP=A9
 0004:0000511C 00000009 C=BSS      S=.bss     G=DGROUP   M=ExtActns ACBP=A9
 0004:00005128 0000000C C=BSS      S=.bss     G=DGROUP   M=ComCtrls ACBP=A9
 0004:00005134 00000004 C=BSS      S=.bss     G=DGROUP   M=frm_main ACBP=A9
 0005:00000000 00000008 C=TLS      S=.tls     G=(none)   M=System   ACBP=A9
 0005:00000008 00000008 C=TLS      S=.tls     G=(none)   M=Classes  ACBP=A9
 0005:00000010 00000028 C=TLS      S=.tls     G=(none)   M=GraphUtil ACBP=A9


  Address             Publics by Name

 0001:000062F0       ActiveX.CoCreateInstance
 0001:000062F8       ActiveX.CoTaskMemAlloc
 0001:00006300       ActiveX.CoTaskMemFree
 0001:00006308       ActiveX.Succeeded
 0004:00004CA0       ActnList..9
 0001:00051318       ActnList..TActionLink
 0001:00050EF0       ActnList..TContainedAction
 0001:00051210       ActnList..TCustomAction
 0001:00051014       ActnList..TCustomActionList
 0001:000510F4       ActnList..TShortCutList
 0002:00000680       ActnList.ActnList
 0001:000521F4       ActnList.Finalization
 0001:00051A08       ActnList.TActionLink.IsCaptionLinked
 0001:00051A1C       ActnList.TActionLink.IsCheckedLinked
 0001:00051A30       ActnList.TActionLink.IsEnabledLinked
 0001:00051A44       ActnList.TActionLink.IsGroupIndexLinked
 0001:00051A58       ActnList.TActionLink.IsHelpContextLinked
 0001:00051A6C       ActnList.TActionLink.IsHelpLinked
 0001:00051A80       ActnList.TActionLink.IsHintLinked
 0001:00051A94       ActnList.TActionLink.IsImageIndexLinked
 0001:00051AA8       ActnList.TActionLink.IsShortCutLinked
 0001:00051ABC       ActnList.TActionLink.IsVisibleLinked
 0001:00051AD0       ActnList.TActionLink.SetAutoCheck
 0001:00051AD4       ActnList.TActionLink.SetCaption
 0001:00051AD8       ActnList.TActionLink.SetChecked
 0001:00051ADC       ActnList.TActionLink.SetEnabled
 0001:00051AE0       ActnList.TActionLink.SetGroupIndex
 0001:00051AE4       ActnList.TActionLink.SetHelpContext
 0001:00051AE8       ActnList.TActionLink.SetHelpKeyword
 0001:00051AEC       ActnList.TActionLink.SetHelpType
 0001:00051AF0       ActnList.TActionLink.SetHint
 0001:00051AF4       ActnList.TActionLink.SetImageIndex
 0001:00051AF8       ActnList.TActionLink.SetShortCut
 0001:00051AFC       ActnList.TActionLink.SetVisible
 0001:000513E8       ActnList.TContainedAction.Destroy
 0001:00051554       ActnList.TContainedAction.Execute
 0001:0005141C       ActnList.TContainedAction.GetIndex
 0001:00051438       ActnList.TContainedAction.GetParentComponent
 0001:00051448       ActnList.TContainedAction.HasParent
 0001:00051434       ActnList.TContainedAction.IsCategoryStored
 0001:00051458       ActnList.TContainedAction.ReadState
 0001:00051500       ActnList.TContainedAction.SetActionList
 0001:000514D4       ActnList.TContainedAction.SetCategory
 0001:0005148C       ActnList.TContainedAction.SetIndex
 0001:00051528       ActnList.TContainedAction.SetParentComponent
 0001:000515AC       ActnList.TContainedAction.Update
 0001:00051BA4       ActnList.TCustomAction.AssignTo
 0001:00051B00       ActnList.TCustomAction.Create
 0001:00051B54       ActnList.TCustomAction.Destroy
 0001:000520C4       ActnList.TCustomAction.DoHint
 0001:000520EC       ActnList.TCustomAction.Execute
 0001:00052150       ActnList.TCustomAction.GetSecondaryShortCuts
 0001:00052178       ActnList.TCustomAction.HandleShortCut
 0001:00051C54       ActnList.TCustomAction.SetCaption
 0001:00051CB4       ActnList.TCustomAction.SetChecked
 0001:00051DBC       ActnList.TCustomAction.SetEnabled
 0001:00051EA0       ActnList.TCustomAction.SetHelpContext
 0001:00051E38       ActnList.TCustomAction.SetHelpKeyword
 0001:00051EF8       ActnList.TCustomAction.SetHint
 0001:00051F58       ActnList.TCustomAction.SetImageIndex
 0001:00052078       ActnList.TCustomAction.SetName
 0001:00051FB4       ActnList.TCustomAction.SetShortCut
 0001:00052018       ActnList.TCustomAction.SetVisible
 0001:000517DC       ActnList.TCustomActionList.AddAction
 0001:00051818       ActnList.TCustomActionList.Change
 0001:00051604       ActnList.TCustomActionList.Create
 0001:00051670       ActnList.TCustomActionList.Destroy
 0001:00051924       ActnList.TCustomActionList.ExecuteAction
 0001:00051738       ActnList.TCustomActionList.GetAction
 0001:0005174C       ActnList.TCustomActionList.GetActionCount
 0001:000516C0       ActnList.TCustomActionList.GetChildren
 0001:00051788       ActnList.TCustomActionList.ImageListChange
 0001:00051880       ActnList.TCustomActionList.IsShortCut
 0001:00051794       ActnList.TCustomActionList.Notification
 0001:000517FC       ActnList.TCustomActionList.RemoveAction
 0001:00051708       ActnList.TCustomActionList.SetChildOrder
 0001:00051754       ActnList.TCustomActionList.SetImages
 0001:00051964       ActnList.TCustomActionList.SetState
 0001:00051944       ActnList.TCustomActionList.UpdateAction
 0001:00052184       ActnList.TShortCutList.Add
 0001:000521B0       ActnList.TShortCutList.IndexOfShortCut
 0004:000050E4       Buttons..5
 0003:000050E0       Buttons.BitBtnCaptions
 0004:000050E8       Buttons.BitBtnGlyphs
 0002:000007C8       Buttons.Buttons
 0001:0006EA90       Buttons.DestroyLocals
 0001:0006EB28       Buttons.Finalization
 0004:000049B8       Classes..95
 0001:00011060       Classes..EBitsError
 0001:00010F50       Classes..EClassNotFound
 0001:00011118       Classes..EComponentError
 0001:00010D94       Classes..EFCreateError
 0001:00010E48       Classes..EFilerError
 0001:00010D34       Classes..EFileStreamError
 0001:00010DF0       Classes..EFOpenError
 0001:000111D0       Classes..EInvalidOperation
 0001:00011008       Classes..EListError
 0001:00011174       Classes..EOutOfResources
 0001:00010EA0       Classes..EReadError
 0001:00010FAC       Classes..EResNotFound
 0001:00010CD8       Classes..EStreamError
 0001:000110B8       Classes..EStringListError
 0001:00011EC8       Classes..EThread
 0001:00010EF8       Classes..EWriteError
 0001:000121F0       Classes..TBasicAction
 0001:00012170       Classes..TBasicActionLink
 0001:000112EC       Classes..TBits
 0001:00011D74       Classes..TClassFinder
 0001:0001159C       Classes..TCollection
 0001:000114E4       Classes..TCollectionItem
 0001:00012010       Classes..TComponent
 0001:00011A68       Classes..TCustomMemoryStream
 0001:00011DD0       Classes..TFiler
 0001:000119E0       Classes..TFileStream
 0001:00011968       Classes..THandleStream
 0001:00013098       Classes..TIntConst
 0001:00011430       Classes..TInterfacedPersistent
 0001:00011230       Classes..TList
 0001:00011AE4       Classes..TMemoryStream
 0001:00011340       Classes..TPersistent
 0001:00016850       Classes..TPropFixup
 0001:000168C8       Classes..TPropIntfFixup
 0001:00011E34       Classes..TReader
 0001:00012374       Classes..TRegGroup
 0001:000123CC       Classes..TRegGroups
 0001:00011B60       Classes..TResourceStream
 0001:000118F8       Classes..TStream
 0001:00011CEC       Classes..TStreamAdapter
 0001:000117E0       Classes..TStringList
 0001:000116A8       Classes..TStrings
 0001:00011294       Classes..TThreadList
 0001:0001303C       Classes.ActivateClassGroup
 0003:00000A9C       Classes.AddDataModule
 0001:00016B28       Classes.AddFinished
 0001:00016B60       Classes.AddNotFinished
 0001:000176D4       Classes.AddSubComponentsToLoaded
 0001:0001AF38       Classes.AllocateHWnd
 0003:00000AAC       Classes.ApplicationHandleException
 0003:00000AB4       Classes.ApplicationShowException
 0001:00013394       Classes.BeginGlobalLoading
 0003:00000AD4       Classes.BlockCode
 0001:00012338       Classes.Bounds
 0001:0001AE74       Classes.CalcJmpOffset
 0001:00017710       Classes.CheckSubComponents
 0001:00019BE4       Classes.CheckSynchronize
 0002:000001F8       Classes.Classes
 0001:00012E00       Classes.ClassNotFound
 0001:000177F0       Classes.ComponentCreated
 0001:00017870       Classes.CreateComponent
 0001:0001AFEC       Classes.DeallocateHWnd
 0001:00019BA4       Classes.DoneThreadSynchronization
 0001:0001499C       Classes.DoWrite
 0001:0001341C       Classes.EndGlobalLoading
 0001:00016688       Classes.Error
 0001:000129A0       Classes.Error
 0003:00000AC4       Classes.FilerSignature
 0001:0001B014       Classes.Finalization
 0001:00012EC0       Classes.FindClass
 0001:00017A20       Classes.FindExistingComponent
 0001:000132AC       Classes.FindGlobalComponent
 0004:000049C4       Classes.FindGlobalComponentProcs
 0001:00013154       Classes.FindIdentToInt
 0001:00016A5C       Classes.FindNestedComponent
 0001:000189C4       Classes.FindUniqueName
 0001:0001ADE0       Classes.FreeIntConstList
 0001:0001AF14       Classes.FreeObjectInstance
 0001:00012E6C       Classes.GetClass
 0001:00013FBC       Classes.GetDesigner
 0001:00012DF4       Classes.GetFieldClassTable
 0004:000049C8       Classes.GlobalFixupList
 0001:00016BA8       Classes.GlobalFixupReferences
 0005:0000000C       Classes.GlobalLists
 0005:00000008       Classes.GlobalLoaded
 0004:000049AC       Classes.GlobalNameSpace
 0001:00012FE8       Classes.GroupDescendentsWith
 0001:00018194       Classes.HandleException
 0001:000131D0       Classes.IdentToInt
 0001:00013478       Classes.InitComponent
 0001:00013520       Classes.InitInheritedComponent
 0001:00019B70       Classes.InitThreadSynchronization
 0004:000049E4       Classes.InstBlockList
 0004:000049E8       Classes.InstFreeList
 0004:000049BC       Classes.IntConstList
 0001:00013310       Classes.InternalReadComponentRes
 0001:00013210       Classes.IntToIdent
 0001:00012360       Classes.InvalidPoint
 0001:000132EC       Classes.IsUniqueGlobalComponentName
 0004:000049B0       Classes.IsUniqueGlobalComponentNameProc
 0001:0001AE7C       Classes.MakeObjectInstance
 0001:00013BE0       Classes.Min
 0001:0001AE4C       Classes.ModuleUnload
 0003:00000AC8       Classes.NilMethod
 0001:0001405C       Classes.NotifyDesigner
 0001:000133EC       Classes.NotifyGlobalLoading
 0001:000122E8       Classes.Point
 0001:0001272C       Classes.PointerInModule
 0001:00016EC8       Classes.PropertyNotFound
 0001:00018294       Classes.PropPathError
 0001:00016EBC       Classes.PropValueError
 0001:00015E78       Classes.RaiseException
 0001:00019578       Classes.ReadCustomVariant
 0001:00016EA4       Classes.ReadError
 0001:00017810       Classes.Recover
 0001:00012310       Classes.Rect
 0004:000049C0       Classes.RegGroups
 0001:00012EE0       Classes.RegisterClass
 0001:00013254       Classes.RegisterFindGlobalComponentProc
 0001:00013128       Classes.RegisterIntegerConsts
 0003:00000AA4       Classes.RemoveDataModule
 0001:00016D74       Classes.RemoveFixupReferences
 0001:00016E20       Classes.RemoveFixups
 0001:000171B8       Classes.RemoveGlobalFixup
 0001:00019BBC       Classes.ResetSyncEvent
 0001:000136B0       Classes.ReturnAddr
 0001:00014AFC       Classes.ReturnAddr
 0001:00017980       Classes.SetCompName
 0001:00016EF4       Classes.SetElementValue
 0001:000185EC       Classes.SetInterfaceReference
 0001:00018508       Classes.SetIntIdent
 0001:00018550       Classes.SetObjectIdent
 0001:00017788       Classes.SetSubComponentState
 0001:00018590       Classes.SetVariantReference
 0001:00019098       Classes.SkipBinary
 0001:000190C8       Classes.SkipCollection
 0001:00019070       Classes.SkipList
 0001:00012300       Classes.SmallPoint
 0001:00012F9C       Classes.StartClassGroup
 0001:0001AE54       Classes.StdWndProc
 0001:00015CA0       Classes.StringListCompareStrings
 0004:000049B4       Classes.SyncEvent
 0003:00000AD0       Classes.SyncList
 0001:0001A84C       Classes.TBasicAction.Change
 0001:0001A6E0       Classes.TBasicAction.Create
 0001:0001A724       Classes.TBasicAction.Destroy
 0001:0001A7B8       Classes.TBasicAction.Execute
 0001:0001A788       Classes.TBasicAction.ExecuteTarget
 0001:0001A784       Classes.TBasicAction.HandlesTarget
 0001:0001A78C       Classes.TBasicAction.Notification
 0001:0001A860       Classes.TBasicAction.RegisterChanges
 0001:0001A8AC       Classes.TBasicAction.SetActionComponent
 0001:0001A7F0       Classes.TBasicAction.SetOnExecute
 0001:0001A86C       Classes.TBasicAction.UnRegisterChanges
 0001:0001A7D4       Classes.TBasicAction.Update
 0001:0001A7B4       Classes.TBasicAction.UpdateTarget
 0001:0001A630       Classes.TBasicActionLink.AssignClient
 0001:0001A668       Classes.TBasicActionLink.Change
 0001:0001A5EC       Classes.TBasicActionLink.Create
 0001:0001A634       Classes.TBasicActionLink.Destroy
 0001:0001A680       Classes.TBasicActionLink.Execute
 0001:0001A6C8       Classes.TBasicActionLink.IsOnExecuteLinked
 0001:0001A69C       Classes.TBasicActionLink.SetAction
 0001:0001A6CC       Classes.TBasicActionLink.SetOnExecute
 0001:0001A6D4       Classes.TBasicActionLink.Update
 0001:00013B98       Classes.TBits.Destroy
 0001:00013BC8       Classes.TBits.Error
 0001:00013CBC       Classes.TBits.OpenBit
 0001:00013C90       Classes.TBits.SetBit
 0001:00013BEC       Classes.TBits.SetSize
 0001:00012C10       Classes.TClassFinder.Create
 0001:00012D3C       Classes.TClassFinder.Destroy
 0001:00012D6C       Classes.TClassFinder.GetClass
 0001:0001433C       Classes.TCollection.Add
 0001:00014770       Classes.TCollection.Added
 0001:0001435C       Classes.TCollection.Assign
 0001:000143F4       Classes.TCollection.BeginUpdate
 0001:000143F8       Classes.TCollection.Changed
 0001:00014408       Classes.TCollection.Clear
 0001:000142A4       Classes.TCollection.Create
 0001:00014774       Classes.TCollection.Deleting
 0001:000142F0       Classes.TCollection.Destroy
 0001:00014470       Classes.TCollection.EndUpdate
 0001:00014480       Classes.TCollection.GetAttr
 0001:0001447C       Classes.TCollection.GetAttrCount
 0001:000144AC       Classes.TCollection.GetCount
 0001:000144B4       Classes.TCollection.GetItem
 0001:0001448C       Classes.TCollection.GetItemAttr
 0001:000144C8       Classes.TCollection.GetNamePath
 0001:00014590       Classes.TCollection.GetPropName
 0001:000146AC       Classes.TCollection.InsertItem
 0001:00014778       Classes.TCollection.Notify
 0001:00014714       Classes.TCollection.RemoveItem
 0001:00014768       Classes.TCollection.SetItemName
 0001:0001476C       Classes.TCollection.Update
 0001:00014128       Classes.TCollectionItem.Changed
 0001:000140C0       Classes.TCollectionItem.Create
 0001:000140F8       Classes.TCollectionItem.Destroy
 0001:00014164       Classes.TCollectionItem.GetDisplayName
 0001:0001414C       Classes.TCollectionItem.GetIndex
 0001:0001418C       Classes.TCollectionItem.GetNamePath
 0001:00014240       Classes.TCollectionItem.GetOwner
 0001:00014244       Classes.TCollectionItem.SetCollection
 0001:0001426C       Classes.TCollectionItem.SetDisplayName
 0001:00014274       Classes.TCollectionItem.SetIndex
 0001:00019E84       Classes.TComponent.BeforeDestruction
 0001:0001A3BC       Classes.TComponent.ChangeName
 0001:00019DBC       Classes.TComponent.Create
 0001:0001A14C       Classes.TComponent.DefineProperties
 0001:00019E08       Classes.TComponent.Destroy
 0001:0001A014       Classes.TComponent.DestroyComponents
 0001:0001A070       Classes.TComponent.Destroying
 0001:0001A4F8       Classes.TComponent.ExecuteAction
 0001:0001A2DC       Classes.TComponent.FindComponent
 0001:00019E90       Classes.TComponent.FreeNotification
 0001:0001A1E0       Classes.TComponent.GetChildOwner
 0001:0001A1E4       Classes.TComponent.GetChildParent
 0001:0001A1D8       Classes.TComponent.GetChildren
 0001:0001A3D0       Classes.TComponent.GetComponent
 0001:0001A3FC       Classes.TComponent.GetComponentCount
 0001:0001A1E8       Classes.TComponent.GetNamePath
 0001:0001A1FC       Classes.TComponent.GetOwner
 0001:0001A204       Classes.TComponent.GetParentComponent
 0001:0001A1D4       Classes.TComponent.HasParent
 0001:00019F24       Classes.TComponent.Insert
 0001:00019F78       Classes.TComponent.InsertComponent
 0001:0001A5E8       Classes.TComponent.IntfGetComponent
 0001:0001A224       Classes.TComponent.Loaded
 0001:0001A0EC       Classes.TComponent.Notification
 0001:0001A230       Classes.TComponent.PaletteCreated
 0001:0001A568       Classes.TComponent.QueryInterface
 0001:00019EE4       Classes.TComponent.ReadLeft
 0001:0001A234       Classes.TComponent.ReadState
 0001:00019EF8       Classes.TComponent.ReadTop
 0001:00019F50       Classes.TComponent.Remove
 0001:00019FDC       Classes.TComponent.RemoveComponent
 0001:0001A0D0       Classes.TComponent.RemoveFreeNotification
 0001:0001A0AC       Classes.TComponent.RemoveNotification
 0001:0001A548       Classes.TComponent.SafeCallException
 0001:0001A200       Classes.TComponent.SetChildOrder
 0001:0001A40C       Classes.TComponent.SetComponentIndex
 0001:0001A460       Classes.TComponent.SetDesigning
 0001:0001A32C       Classes.TComponent.SetName
 0001:0001A208       Classes.TComponent.SetParentComponent
 0001:0001A4B0       Classes.TComponent.SetReference
 0001:0001A520       Classes.TComponent.UpdateAction
 0001:0001A218       Classes.TComponent.Updated
 0001:0001A560       Classes.TComponent.UpdateRegistry
 0001:0001A20C       Classes.TComponent.Updating
 0001:0001A2C4       Classes.TComponent.ValidateContainer
 0001:0001A2D8       Classes.TComponent.ValidateInsert
 0001:0001A244       Classes.TComponent.ValidateRename
 0001:00019F0C       Classes.TComponent.WriteLeft
 0001:0001A23C       Classes.TComponent.WriteState
 0001:00019F18       Classes.TComponent.WriteTop
 0001:0001A5A8       Classes.TComponent._AddRef
 0001:0001A5C8       Classes.TComponent._Release
 0001:00016434       Classes.TCustomMemoryStream.Read
 0001:0001646C       Classes.TCustomMemoryStream.Seek
 0001:0001642C       Classes.TCustomMemoryStream.SetPointer
 0001:000167DC       Classes.TFiler.Create
 0001:00016824       Classes.TFiler.Destroy
 0001:0001684C       Classes.TFiler.SetRoot
 0001:00016284       Classes.TFileStream.Create
 0001:00016240       Classes.TFileStream.Create
 0001:000163F8       Classes.TFileStream.Destroy
 0001:0001617C       Classes.THandleStream.Create
 0001:000161B8       Classes.THandleStream.Read
 0001:000161D8       Classes.THandleStream.Seek
 0001:00016204       Classes.THandleStream.SetSize
 0001:00016218       Classes.THandleStream.SetSize
 0001:000161C8       Classes.THandleStream.Write
 0004:000049CC       Classes.ThreadLock
 0001:000130F0       Classes.TIntConst.Create
 0001:00013F04       Classes.TInterfacedPersistent.AfterConstruction
 0001:00013F94       Classes.TInterfacedPersistent.QueryInterface
 0001:00013F54       Classes.TInterfacedPersistent._AddRef
 0001:00013F74       Classes.TInterfacedPersistent._Release
 0001:00013608       Classes.TList.Add
 0001:0001363C       Classes.TList.Clear
 0001:00013654       Classes.TList.Delete
 0001:000135E8       Classes.TList.Destroy
 0001:000136EC       Classes.TList.Error
 0001:000136B4       Classes.TList.Error
 0001:00013740       Classes.TList.Expand
 0001:00013758       Classes.TList.First
 0001:00013760       Classes.TList.Get
 0001:00013788       Classes.TList.Grow
 0001:000137BC       Classes.TList.IndexOf
 0001:000137DC       Classes.TList.Insert
 0001:00013848       Classes.TList.Last
 0001:00013854       Classes.TList.Move
 0001:000139CC       Classes.TList.Notify
 0001:000138AC       Classes.TList.Put
 0001:000138FC       Classes.TList.Remove
 0001:0001391C       Classes.TList.SetCapacity
 0001:00013958       Classes.TList.SetCount
 0001:000164BC       Classes.TMemoryStream.Clear
 0001:00016490       Classes.TMemoryStream.Destroy
 0001:000164D4       Classes.TMemoryStream.LoadFromStream
 0001:00016560       Classes.TMemoryStream.Realloc
 0001:0001650C       Classes.TMemoryStream.SetCapacity
 0001:00016534       Classes.TMemoryStream.SetSize
 0001:000165E0       Classes.TMemoryStream.Write
 0001:00013D60       Classes.TPersistent.Assign
 0001:00013D74       Classes.TPersistent.AssignError
 0001:00013E44       Classes.TPersistent.AssignTo
 0001:00013E4C       Classes.TPersistent.DefineProperties
 0001:00013D34       Classes.TPersistent.Destroy
 0001:00013E50       Classes.TPersistent.GetNamePath
 0001:00013F00       Classes.TPersistent.GetOwner
 0001:00016928       Classes.TPropFixup.Create
 0001:00016980       Classes.TPropFixup.MakeGlobalReference
 0001:000169C8       Classes.TPropFixup.ResolveReference
 0001:000169D8       Classes.TPropIntfFixup.ResolveReference
 0001:00016F48       Classes.TReader.CheckValue
 0001:00016FA8       Classes.TReader.DefineBinaryProperty
 0001:00016F6C       Classes.TReader.DefineProperty
 0001:00016F0C       Classes.TReader.Destroy
 0001:00017234       Classes.TReader.DoFixupReferences
 0001:00017090       Classes.TReader.EndOfList
 0001:000170A4       Classes.TReader.Error
 0001:000193C4       Classes.TReader.FindAncestorComponent
 0001:000194BC       Classes.TReader.FindComponentClass
 0001:00017150       Classes.TReader.FindMethod
 0001:000170C8       Classes.TReader.FindMethodInstance
 0001:00017378       Classes.TReader.FlushBuffer
 0001:0001739C       Classes.TReader.FreeFixups
 0001:000173D8       Classes.TReader.GetFieldClass
 0001:00017470       Classes.TReader.GetPosition
 0001:00017488       Classes.TReader.NextValue
 0001:00017498       Classes.TReader.PropertyError
 0001:000174AC       Classes.TReader.Read
 0001:00017534       Classes.TReader.ReadBoolean
 0001:000174F8       Classes.TReader.ReadBuffer
 0001:00017548       Classes.TReader.ReadChar
 0001:00017604       Classes.TReader.ReadCollection
 0001:00017AC4       Classes.TReader.ReadComponent
 0001:00017F04       Classes.TReader.ReadCurrency
 0001:00017D04       Classes.TReader.ReadData
 0001:00017D74       Classes.TReader.ReadDataInner
 0001:00017F54       Classes.TReader.ReadDate
 0001:00017E7C       Classes.TReader.ReadDouble
 0001:00017E44       Classes.TReader.ReadFloat
 0001:00017F98       Classes.TReader.ReadIdent
 0001:00018100       Classes.TReader.ReadInt64
 0001:00018094       Classes.TReader.ReadInteger
 0001:00018144       Classes.TReader.ReadListBegin
 0001:0001814C       Classes.TReader.ReadListEnd
 0001:00018154       Classes.TReader.ReadPrefix
 0001:000182B0       Classes.TReader.ReadProperty
 0001:000186AC       Classes.TReader.ReadPropValue
 0001:00018A24       Classes.TReader.ReadRootComponent
 0001:00018D58       Classes.TReader.ReadSet
 0001:00018E14       Classes.TReader.ReadSignature
 0001:00017EC0       Classes.TReader.ReadSingle
 0001:00018E38       Classes.TReader.ReadStr
 0001:00018E74       Classes.TReader.ReadString
 0001:00019014       Classes.TReader.ReadValue
 0001:00019740       Classes.TReader.ReadVariant
 0001:000175A8       Classes.TReader.ReadWideChar
 0001:00018F30       Classes.TReader.ReadWideString
 0001:0001947C       Classes.TReader.ReferenceName
 0001:00019494       Classes.TReader.SetName
 0001:00019530       Classes.TReader.SkipBytes
 0001:0001931C       Classes.TReader.SkipComponent
 0001:000192D4       Classes.TReader.SkipProperty
 0001:00019028       Classes.TReader.SkipSetBody
 0001:00019124       Classes.TReader.SkipValue
 0001:00012424       Classes.TRegGroup.AddClass
 0001:00012430       Classes.TRegGroup.BestClass
 0001:00012490       Classes.TRegGroup.BestGroup
 0001:00012500       Classes.TRegGroup.Create
 0001:0001255C       Classes.TRegGroup.Destroy
 0001:0001259C       Classes.TRegGroup.GetClass
 0001:00012604       Classes.TRegGroup.InGroup
 0001:00012648       Classes.TRegGroup.RegisterClass
 0001:00012708       Classes.TRegGroup.Registered
 0001:0001274C       Classes.TRegGroup.UnregisterModuleClasses
 0001:000127F8       Classes.TRegGroups.Activate
 0001:00012844       Classes.TRegGroups.Create
 0001:000128B8       Classes.TRegGroups.Destroy
 0001:00012918       Classes.TRegGroups.FindGroup
 0001:0001295C       Classes.TRegGroups.GetClass
 0001:00012A30       Classes.TRegGroups.GroupWith
 0001:00012AFC       Classes.TRegGroups.Lock
 0001:00012B08       Classes.TRegGroups.RegisterClass
 0001:00012B20       Classes.TRegGroups.Registered
 0001:00012B64       Classes.TRegGroups.StartGroup
 0001:00012BB4       Classes.TRegGroups.Unlock
 0001:00012BC0       Classes.TRegGroups.UnregisterModuleClasses
 0001:00016630       Classes.TResourceStream.Create
 0001:00016794       Classes.TResourceStream.Destroy
 0001:00016728       Classes.TResourceStream.Initialize
 0001:000167C4       Classes.TResourceStream.Write
 0001:00016028       Classes.TStream.CopyFrom
 0001:00015D8C       Classes.TStream.GetPosition
 0001:00015DC0       Classes.TStream.GetSize
 0001:00015FB8       Classes.TStream.ReadBuffer
 0001:0001611C       Classes.TStream.ReadComponent
 0001:00015F48       Classes.TStream.Seek
 0001:00015EC4       Classes.TStream.Seek
 0001:00015DAC       Classes.TStream.SetPosition
 0001:00015E0C       Classes.TStream.SetSize
 0001:00015E24       Classes.TStream.SetSize
 0001:00015E10       Classes.TStream.SetSize64
 0001:00015FF0       Classes.TStream.WriteBuffer
 0001:0001ADC8       Classes.TStreamAdapter.Clone
 0001:0001AD1C       Classes.TStreamAdapter.Commit
 0001:0001AB14       Classes.TStreamAdapter.CopyTo
 0001:0001A8D8       Classes.TStreamAdapter.Create
 0001:0001A924       Classes.TStreamAdapter.Destroy
 0001:0001AD34       Classes.TStreamAdapter.LockRegion
 0001:0001A95C       Classes.TStreamAdapter.Read
 0001:0001AD28       Classes.TStreamAdapter.Revert
 0001:0001AA2C       Classes.TStreamAdapter.Seek
 0001:0001AAB0       Classes.TStreamAdapter.SetSize
 0001:0001AD4C       Classes.TStreamAdapter.Stat
 0001:0001AD40       Classes.TStreamAdapter.UnlockRegion
 0001:0001A9C4       Classes.TStreamAdapter.Write
 0001:0001570C       Classes.TStringList.Add
 0001:0001571C       Classes.TStringList.AddObject
 0001:00015780       Classes.TStringList.Changed
 0001:0001579C       Classes.TStringList.Changing
 0001:000157B8       Classes.TStringList.Clear
 0001:00015D08       Classes.TStringList.CompareStrings
 0001:00015CD0       Classes.TStringList.CustomSort
 0001:000157F8       Classes.TStringList.Delete
 0001:000156B0       Classes.TStringList.Destroy
 0001:00015864       Classes.TStringList.Exchange
 0001:000158C0       Classes.TStringList.ExchangeItems
 0001:000158E4       Classes.TStringList.Find
 0001:00015968       Classes.TStringList.Get
 0001:0001599C       Classes.TStringList.GetCapacity
 0001:000159A0       Classes.TStringList.GetCount
 0001:000159A4       Classes.TStringList.GetObject
 0001:000159CC       Classes.TStringList.Grow
 0001:00015A00       Classes.TStringList.IndexOf
 0001:00015A3C       Classes.TStringList.Insert
 0001:00015AA0       Classes.TStringList.InsertItem
 0001:00015A4C       Classes.TStringList.InsertObject
 0001:00015B1C       Classes.TStringList.Put
 0001:00015B78       Classes.TStringList.PutObject
 0001:00015BB8       Classes.TStringList.QuickSort
 0001:00015C4C       Classes.TStringList.SetCapacity
 0001:00015C68       Classes.TStringList.SetSorted
 0001:00015C88       Classes.TStringList.SetUpdateState
 0001:00015CC0       Classes.TStringList.Sort
 0001:000147CC       Classes.TStrings.Add
 0001:000147F0       Classes.TStrings.AddObject
 0001:00014814       Classes.TStrings.AddStrings
 0001:000148CC       Classes.TStrings.Assign
 0001:00014984       Classes.TStrings.BeginUpdate
 0001:00015638       Classes.TStrings.CompareStrings
 0001:000149F4       Classes.TStrings.DefineProperties
 0001:0001479C       Classes.TStrings.Destroy
 0001:00014A40       Classes.TStrings.EndUpdate
 0001:00014A54       Classes.TStrings.Equals
 0001:00014B00       Classes.TStrings.Error
 0001:00014B38       Classes.TStrings.Error
 0001:00014B90       Classes.TStrings.Exchange
 0001:00014C7C       Classes.TStrings.GetCapacity
 0001:000155D8       Classes.TStrings.GetLineBreak
 0001:0001567C       Classes.TStrings.GetNameValueSeparator
 0001:00014C84       Classes.TStrings.GetObject
 0001:00014C88       Classes.TStrings.GetText
 0001:00014CDC       Classes.TStrings.GetTextStr
 0001:00014E14       Classes.TStrings.IndexOf
 0001:00014EA0       Classes.TStrings.IndexOfName
 0001:00014F74       Classes.TStrings.IndexOfObject
 0001:00014FA8       Classes.TStrings.InsertObject
 0001:00014FD8       Classes.TStrings.LoadFromFile
 0001:0001502C       Classes.TStrings.LoadFromStream
 0001:000150D8       Classes.TStrings.Move
 0001:00015188       Classes.TStrings.Put
 0001:000151B8       Classes.TStrings.PutObject
 0001:000151BC       Classes.TStrings.ReadData
 0001:0001526C       Classes.TStrings.SaveToFile
 0001:000152C4       Classes.TStrings.SaveToStream
 0001:00015324       Classes.TStrings.SetCapacity
 0001:0001560C       Classes.TStrings.SetLineBreak
 0001:00015694       Classes.TStrings.SetNameValueSeparator
 0001:00015328       Classes.TStrings.SetStringsAdapter
 0001:0001535C       Classes.TStrings.SetText
 0001:000153AC       Classes.TStrings.SetTextStr
 0001:00015550       Classes.TStrings.SetUpdateState
 0001:00015554       Classes.TStrings.WriteData
 0001:00013AA0       Classes.TThreadList.Add
 0001:000139D0       Classes.TThreadList.Create
 0001:00013A24       Classes.TThreadList.Destroy
 0001:00013B28       Classes.TThreadList.LockList
 0001:00013B3C       Classes.TThreadList.Remove
 0001:00013B8C       Classes.TThreadList.UnlockList
 0001:00019960       Classes.TWriter.Write
 0001:000199C4       Classes.TWriter.WriteBoolean
 0001:000199AC       Classes.TWriter.WriteBuffer
 0001:000199D8       Classes.TWriter.WriteInteger
 0001:00019A4C       Classes.TWriter.WriteListBegin
 0001:00019A54       Classes.TWriter.WriteListEnd
 0001:00019A5C       Classes.TWriter.WriteMinStr
 0001:00019B08       Classes.TWriter.WriteString
 0001:00019B5C       Classes.TWriter.WriteValue
 0001:00013294       Classes.UnregisterFindGlobalComponentProc
 0001:00012F50       Classes.UnRegisterModuleClasses
 0003:00000AD8       Classes.UtilWindowClass
 0001:00019BC8       Classes.WaitForSyncEvent
 0003:00000ABC       Classes.WakeMainThread
 0004:00004BB8       Clipbrd..2
 0004:00004BB6       Clipbrd.CF_COMPONENT
 0004:00004BB4       Clipbrd.CF_PICTURE
 0002:000004F8       Clipbrd.Clipbrd
 0004:00004BBC       Clipbrd.FClipboard
 0001:00032E3C       Clipbrd.Finalization
 0004:00005128       ComCtrls..76
 0001:0006F9BC       ComCtrls..TConversion
 0001:0006EFD0       ComCtrls..TCustomStatusBar
 0001:0006F20C       ComCtrls..TStatusBar
 0001:0006ED18       ComCtrls..TStatusPanel
 0001:0006EEBC       ComCtrls..TStatusPanels
 0002:00000814       ComCtrls.ComCtrls
 0001:00070A74       ComCtrls.Finalization
 0004:00005130       ComCtrls.FRichEditModule
 0003:00005144       ComCtrls.GripStyles
 0001:0006FA5C       ComCtrls.InitCommonControl
 0003:0000512C       ComCtrls.RTFConversionFormat
 0003:0000514C       ComCtrls.RTLReading
 0004:0000512C       ComCtrls.ShellModule
 0001:00070A1C       ComCtrls.TConversion.ConvertReadStream
 0001:00070A30       ComCtrls.TConversion.ConvertWriteStream
 0001:00070884       ComCtrls.TCustomStatusBar.ChangeScale
 0001:000700A4       ComCtrls.TCustomStatusBar.CMBiDiModeChanged
 0001:000707A4       ComCtrls.TCustomStatusBar.CMColorChanged
 0001:000707B8       ComCtrls.TCustomStatusBar.CMParentFontChanged
 0001:0007085C       ComCtrls.TCustomStatusBar.CMSysColorChange
 0001:00070870       ComCtrls.TCustomStatusBar.CMSysFontChanged
 0001:000705CC       ComCtrls.TCustomStatusBar.CMWinIniChange
 0001:000705F4       ComCtrls.TCustomStatusBar.CNDrawItem
 0001:0006FD0C       ComCtrls.TCustomStatusBar.Create
 0001:00070968       ComCtrls.TCustomStatusBar.CreatePanel
 0001:000709A4       ComCtrls.TCustomStatusBar.CreatePanels
 0001:0006FE00       ComCtrls.TCustomStatusBar.CreateParams
 0001:0006FE84       ComCtrls.TCustomStatusBar.CreateWnd
 0001:0006FDC4       ComCtrls.TCustomStatusBar.Destroy
 0001:0006FF0C       ComCtrls.TCustomStatusBar.DoHint
 0001:0006FFAC       ComCtrls.TCustomStatusBar.DoRightToLeftAlignment
 0001:0006FF30       ComCtrls.TCustomStatusBar.DrawPanel
 0001:000707DC       ComCtrls.TCustomStatusBar.ExecuteAction
 0001:0007011C       ComCtrls.TCustomStatusBar.FlipChildren
 0001:000709B4       ComCtrls.TCustomStatusBar.GetPanelClass
 0001:00070758       ComCtrls.TCustomStatusBar.IsFontStored
 0001:000708AC       ComCtrls.TCustomStatusBar.SetBounds
 0001:0006FF60       ComCtrls.TCustomStatusBar.SetPanels
 0001:000708D0       ComCtrls.TCustomStatusBar.SetParent
 0001:0006FF70       ComCtrls.TCustomStatusBar.SetSimplePanel
 0001:00070078       ComCtrls.TCustomStatusBar.SetSimpleText
 0001:000702DC       ComCtrls.TCustomStatusBar.SetSizeGrip
 0001:00070774       ComCtrls.TCustomStatusBar.SetUseSystemFont
 0001:000702F4       ComCtrls.TCustomStatusBar.SyncToSystemFont
 0001:00070324       ComCtrls.TCustomStatusBar.UpdatePanel
 0001:000704B0       ComCtrls.TCustomStatusBar.UpdatePanels
 0001:00070014       ComCtrls.TCustomStatusBar.UpdateSimpleText
 0001:000708D8       ComCtrls.TCustomStatusBar.ValidateSizeGrip
 0001:000709BC       ComCtrls.TCustomStatusBar.WMEraseBkGnd
 0001:00070700       ComCtrls.TCustomStatusBar.WMGetTextLength
 0001:00070714       ComCtrls.TCustomStatusBar.WMPaint
 0001:00070734       ComCtrls.TCustomStatusBar.WMSize
 0003:00005138       ComCtrls.TextConversionFormat
 0001:00070A44       ComCtrls.TStatusBar.GetOnDrawPanel
 0001:00070A58       ComCtrls.TStatusBar.SetOnDrawPanel
 0001:0006FAD4       ComCtrls.TStatusPanel.Assign
 0001:0006FA88       ComCtrls.TStatusPanel.Create
 0001:0006FBCC       ComCtrls.TStatusPanel.GetDisplayName
 0001:0006FB48       ComCtrls.TStatusPanel.IsBiDiModeStored
 0001:0006FB60       ComCtrls.TStatusPanel.ParentBiDiModeChanged
 0001:0006FBF0       ComCtrls.TStatusPanel.SetAlignment
 0001:0006FC00       ComCtrls.TStatusPanel.SetBevel
 0001:0006FB34       ComCtrls.TStatusPanel.SetBiDiMode
 0001:0006FB50       ComCtrls.TStatusPanel.SetParentBiDiMode
 0001:0006FC10       ComCtrls.TStatusPanel.SetStyle
 0001:0006FC20       ComCtrls.TStatusPanel.SetText
 0001:0006FC48       ComCtrls.TStatusPanel.SetWidth
 0001:0006FBB4       ComCtrls.TStatusPanel.UseRightToLeftAlignment
 0001:0006FB9C       ComCtrls.TStatusPanel.UseRightToLeftReading
 0001:0006FCB8       ComCtrls.TStatusPanels.Add
 0001:0006FC58       ComCtrls.TStatusPanels.Create
 0001:0006FCC4       ComCtrls.TStatusPanels.GetItem
 0001:0006FCD8       ComCtrls.TStatusPanels.GetOwner
 0001:0006FCDC       ComCtrls.TStatusPanels.Update
 0004:00004A28       CommCtrl.ComCtl32DLL
 0001:0001CCEC       CommCtrl.ImageList_Add
 0001:0001CD1C       CommCtrl.ImageList_BeginDrag
 0001:0001CCCC       CommCtrl.ImageList_Create
 0001:0001CCD4       CommCtrl.ImageList_Destroy
 0001:0001CD2C       CommCtrl.ImageList_DragEnter
 0001:0001CD34       CommCtrl.ImageList_DragLeave
 0001:0001CD3C       CommCtrl.ImageList_DragMove
 0001:0001CD44       CommCtrl.ImageList_DragShowNolock
 0001:0001CD04       CommCtrl.ImageList_Draw
 0001:0001CD0C       CommCtrl.ImageList_DrawEx
 0001:0001CD24       CommCtrl.ImageList_EndDrag
 0001:0001CCFC       CommCtrl.ImageList_GetBkColor
 0001:0001CD5C       CommCtrl.ImageList_GetIconSize
 0001:0001CCDC       CommCtrl.ImageList_GetImageCount
 0001:0001CD4C       CommCtrl.ImageList_Read
 0001:0001CD14       CommCtrl.ImageList_Remove
 0001:0001CCF4       CommCtrl.ImageList_SetBkColor
 0001:0001CD64       CommCtrl.ImageList_SetIconSize
 0001:0001CCE4       CommCtrl.ImageList_SetImageCount
 0001:0001CD54       CommCtrl.ImageList_Write
 0001:0001CC38       CommCtrl.InitComCtl
 0001:0001CC30       CommCtrl.InitCommonControls
 0001:0001CC98       CommCtrl.InitCommonControlsEx
 0004:00004A2C       CommCtrl._InitCommonControlsEx
 0001:0001CD6C       CommCtrl._TrackMouseEvent
 0001:0002C730       CommDlg.GetOpenFileName
 0001:0001B0C4       Contnrs..TOrderedList
 0001:0001B12C       Contnrs..TStack
 0001:0001B1A4       Contnrs.TOrderedList.Create
 0001:0001B1E8       Contnrs.TOrderedList.Destroy
 0001:0001B218       Contnrs.TOrderedList.PeekItem
 0001:0001B18C       Contnrs.TOrderedList.Pop
 0001:0001B22C       Contnrs.TOrderedList.PopItem
 0001:0001B194       Contnrs.TOrderedList.Push
 0001:0001B24C       Contnrs.TStack.PushItem
 0004:00004C14       Controls..33
 0001:0003AED0       Controls..TBaseDragControlObject
 0001:0003C25C       Controls..TControl
 0001:0003B3A0       Controls..TControlActionLink
 0001:0003B218       Controls..TControlCanvas
 0001:0003D024       Controls..TCustomControl
 0001:0003B2B8       Controls..TCustomControlAction
 0001:0003D46C       Controls..TDockTree
 0001:0003D320       Controls..TDockZone
 0001:0003AF94       Controls..TDragControlObject
 0001:0003B020       Controls..TDragControlObjectEx
 0001:0003B0B0       Controls..TDragDockObject
 0001:0003B178       Controls..TDragDockObjectEx
 0001:0003AE2C       Controls..TDragObject
 0001:0003CF00       Controls..TGraphicControl
 0001:0003D190       Controls..THintWindow
 0001:0003B7F0       Controls..TMargins
 0001:0003D510       Controls..TMouse
 0001:0003B908       Controls..TPadding
 0001:0003DA74       Controls..TSiteList
 0001:0003B6A4       Controls..TSizeConstraints
 0001:0003CAF0       Controls..TWinControl
 0001:0003C6CC       Controls..TWinControlActionLink
 0001:0003E0E4       Controls.AbsMin
 0004:00004C48       Controls.ActiveDrag
 0001:000445A4       Controls.AlignWork
 0003:000015C0       Controls.AnchorAlign
 0003:000015B4       Controls.AnimateWindowProc
 0003:000016C0       Controls.AnimationStyle
 0001:0004105C       Controls.BackgroundClipped
 0001:0004DCC8       Controls.CalcSplitterPos
 0001:0003F188       Controls.CancelDrag
 0004:00004C5C       Controls.CanvasList
 0003:00001678       Controls.CaptureControl
 0001:0003D564       Controls.ChangeBiDiModeAlignment
 0001:0003EDF0       Controls.CheckUndock
 0001:0004AB50       Controls.ClientToWindow
 0004:00004C1A       Controls.ControlAtom
 0004:00004C20       Controls.ControlAtomString
 0002:000005E8       Controls.Controls
 0003:000015B8       Controls.CreationControl
 0003:0000167C       Controls.csPerformingShowingChanged
 0003:000016B8       Controls.Ctl3DStyles
 0003:000015C8       Controls.Cursors
 0001:0003D90C       Controls.CursorToIdent
 0003:000015BC       Controls.DefaultDockTreeClass
 0001:00045530       Controls.DestroyChildWindow
 0001:00044418       Controls.DoAlign
 0001:000493DC       Controls.DoCalcConstraints
 0004:00004C50       Controls.DockSiteList
 0001:00046404       Controls.DoControlMsg
 0001:0003E6F8       Controls.DoDragOver
 0001:0004B7D0       Controls.DoFindControlZone
 0001:0004BEF8       Controls.DoFindZone
 0001:0004B854       Controls.DoForEach
 0001:0004D49C       Controls.DoGetNextLimit
 0001:0004E4D4       Controls.DoneControls
 0001:000443D0       Controls.DoPosition
 0001:0004C9AC       Controls.DoPrune
 0001:0004CEC0       Controls.DoSaveZone
 0001:0004D184       Controls.DoSetNewBounds
 0001:000451DC       Controls.DoWriteDesignSize
 0001:000423D0       Controls.DoWriteExplicit
 0001:0004239C       Controls.DoWriteIsControl
 0004:00004C34       Controls.DragCapture
 0004:00004C28       Controls.DragControl
 0001:0003EE64       Controls.DragDone
 0001:0003E6A8       Controls.DragFindTarget
 0001:0003E67C       Controls.DragFindWindow
 0004:00004C4C       Controls.DragImageList
 0001:0003EABC       Controls.DragInit
 0001:0003EC2C       Controls.DragInitControl
 0004:00004C30       Controls.DragInternalObject
 0001:0003E5C4       Controls.DragMessage
 0004:00004C2C       Controls.DragObject
 0004:00004C58       Controls.DragSave
 0004:00004C40       Controls.DragSaveCursor
 0004:00004C38       Controls.DragStartPos
 0004:00004C44       Controls.DragThreshold
 0001:0003E7D4       Controls.DragTo
 0001:0004C430       Controls.DrawCloseButton
 0001:0004C4C4       Controls.DrawGrabberLine
 0001:0004C54C       Controls.DrawThemedGrabber
 0001:000468B0       Controls.DrawThemeEdge
 0003:000016A8       Controls.EdgeStyles
 0001:0004EAF4       Controls.Finalization
 0001:0003D6BC       Controls.FindControl
 0001:0003F1D4       Controls.FindDragTarget
 0001:0003F1A0       Controls.FindVCLWindow
 0001:0003F298       Controls.FreeDeviceContext
 0001:0003F354       Controls.FreeDeviceContexts
 0001:0003DA08       Controls.GetCaptureControl
 0001:00044240       Controls.GetClientSize
 0001:00045A4C       Controls.GetControlAtPos
 0001:0004D57C       Controls.GetDockAlign
 0001:0003E414       Controls.GetDockSiteAtPos
 0001:0003E734       Controls.GetDropCtl
 0001:0004B500       Controls.GetLastChildZone
 0001:0003D970       Controls.GetLongHint
 0001:0003D92C       Controls.GetShortHint
 0001:0003DB14       Controls.GetTopParent
 0001:0004D5F8       Controls.HideZone
 0001:0003D91C       Controls.IdentToCursor
 0003:000016E8       Controls.IMM32DLL
 0001:0004E4C0       Controls.Imm32IsIME
 0001:0004E55C       Controls.InitControls
 0001:0004E164       Controls.InitIMM32
 0001:0003D578       Controls.InitWndProc
 0003:00001688       Controls.InnerStyles
 0001:000442A0       Controls.InsertBefore
 0001:0003E1C8       Controls.IsBeforeTargetWindow
 0001:0003E61C       Controls.IsDelphiHandle
 0001:0004AF34       Controls.IsOrientationSet
 0001:0003E3D0       Controls.IsSiteChildOfClient
 0001:0003D718       Controls.IsVCLControl
 0004:00004C08       Controls.IsVCLControlHook
 0001:0003F220       Controls.ListAdd
 0001:0003F248       Controls.ListRemove
 0003:000016D4       Controls.MakeLast
 0001:000434D8       Controls.MinVar
 0003:000016EC       Controls.ModeMap
 0004:00004C04       Controls.Mouse
 0001:0003F268       Controls.MoveWindowOrg
 0004:00004C10       Controls.NewStyleControls
 0001:0004AF18       Controls.NextVisibleZone
 0001:0003D688       Controls.ObjectFromHWnd
 0003:000016CC       Controls.OrientArray
 0003:00001698       Controls.OuterStyles
 0001:0004B328       Controls.ParentNotLast
 0001:0003D9B4       Controls.PerformEraseBackground
 0001:000451C8       Controls.PointsEqual
 0004:00004C54       Controls.QualifyingSites
 0001:0004C094       Controls.ReadControlName
 0001:0003E568       Controls.RegisterDockSite
 0004:00004C24       Controls.RM_GetObjectInstance
 0001:0003D748       Controls.SendAppMessage
 0001:0003DA30       Controls.SetCaptureControl
 0001:0004E3E8       Controls.SetImeMode
 0001:00042E58       Controls.SetParentColor
 0003:00001680       Controls.ShowFlags
 0001:0004D678       Controls.ShowZone
 0003:000016E0       Controls.SizeCursors
 0001:0003DEE4       Controls.TBaseDragControlObject.Assign
 0001:0003DEC0       Controls.TBaseDragControlObject.Create
 0001:0003DF10       Controls.TBaseDragControlObject.EndDrag
 0001:0003DF34       Controls.TBaseDragControlObject.Finished
 0001:00043208       Controls.TControl.ActionChange
 0001:000435F8       Controls.TControl.AdjustSize
 0001:0004342C       Controls.TControl.AssignTo
 0001:000413B0       Controls.TControl.BeginAutoDrag
 0001:000413CC       Controls.TControl.BeginDrag
 0001:00040EF4       Controls.TControl.BringToFront
 0001:00041E14       Controls.TControl.CalcCursorPos
 0001:00041F7C       Controls.TControl.CalcDockSizes
 0001:00041D14       Controls.TControl.CanAutoSize
 0001:00041D18       Controls.TControl.CanResize
 0001:00040864       Controls.TControl.Changed
 0001:00040874       Controls.TControl.ChangeScale
 0001:0004298C       Controls.TControl.CheckNewSize
 0001:00042780       Controls.TControl.Click
 0001:00043838       Controls.TControl.ClientToParent
 0001:000406EC       Controls.TControl.ClientToScreen
 0001:00042F60       Controls.TControl.CMBiDiModeChanged
 0001:00042E48       Controls.TControl.CMColorChanged
 0001:00043090       Controls.TControl.CMDesignHitTest
 0001:00042E28       Controls.TControl.CMEnabledChanged
 0001:000431A8       Controls.TControl.CMFloat
 0001:00042E38       Controls.TControl.CMFontChanged
 0001:00043684       Controls.TControl.CMHintShow
 0001:00043010       Controls.TControl.CMHitTest
 0001:00043948       Controls.TControl.CMMouseActivate
 0001:00043018       Controls.TControl.CMMouseEnter
 0001:00043054       Controls.TControl.CMMouseLeave
 0001:00042EF0       Controls.TControl.CMMouseWheel
 0001:00042ECC       Controls.TControl.CMParentBiDiModeChanged
 0001:00042E90       Controls.TControl.CMParentColorChanged
 0001:00042FBC       Controls.TControl.CMParentFontChanged
 0001:00042F80       Controls.TControl.CMParentShowHintChanged
 0001:00042FEC       Controls.TControl.CMSysFontChanged
 0001:00042E00       Controls.TControl.CMVisibleChanged
 0001:00041DE4       Controls.TControl.ConstrainedResize
 0001:0003FAC4       Controls.TControl.Create
 0001:00043098       Controls.TControl.CreateFloatingDockSite
 0001:000427EC       Controls.TControl.DblClick
 0001:00041854       Controls.TControl.DefaultDockImage
 0001:000422F4       Controls.TControl.DefaultHandler
 0001:000425F0       Controls.TControl.DefineProperties
 0001:00041E40       Controls.TControl.DesignWndProc
 0001:0003FBBC       Controls.TControl.Destroy
 0001:00043308       Controls.TControl.DoActionChange
 0001:00041D48       Controls.TControl.DoCanAutoSize
 0001:00041DB4       Controls.TControl.DoCanResize
 0001:000403BC       Controls.TControl.Dock
 0001:00041650       Controls.TControl.DockTrackNoTarget
 0001:00041E74       Controls.TControl.DoConstrainedResize
 0001:00041D04       Controls.TControl.DoConstraintsChange
 0001:000437F8       Controls.TControl.DoContextPopup
 0001:000404EC       Controls.TControl.DoDock
 0001:000419A0       Controls.TControl.DoDragMsg
 0001:00041668       Controls.TControl.DoEndDock
 0001:00041550       Controls.TControl.DoEndDrag
 0001:0004396C       Controls.TControl.DoMarginChange
 0001:000416B4       Controls.TControl.DoMouseActivate
 0001:00042844       Controls.TControl.DoMouseDown
 0001:00042BBC       Controls.TControl.DoMouseUp
 0001:000416E8       Controls.TControl.DoMouseWheel
 0001:000417BC       Controls.TControl.DoMouseWheelDown
 0001:00041808       Controls.TControl.DoMouseWheelUp
 0001:00041694       Controls.TControl.DoStartDock
 0001:00041530       Controls.TControl.DoStartDrag
 0001:000414B8       Controls.TControl.DragCanceled
 0001:00041504       Controls.TControl.DragDrop
 0001:000414BC       Controls.TControl.Dragging
 0001:000414C8       Controls.TControl.DragOver
 0001:00041980       Controls.TControl.DrawDragDockImage
 0001:00043618       Controls.TControl.DrawTextBiDiModeFlags
 0001:00043658       Controls.TControl.DrawTextBiDiModeFlagsReadingOnly
 0001:00041990       Controls.TControl.EraseDragDockImage
 0001:00040D14       Controls.TControl.FontChanged
 0001:0003FD44       Controls.TControl.GetAction
 0001:0004332C       Controls.TControl.GetActionLinkClass
 0001:00043980       Controls.TControl.GetAlignWithMargins
 0001:0004057C       Controls.TControl.GetBoundsRect
 0001:0004061C       Controls.TControl.GetClientHeight
 0001:0004065C       Controls.TControl.GetClientOrigin
 0001:000405C0       Controls.TControl.GetClientRect
 0001:000405D8       Controls.TControl.GetClientWidth
 0001:00041360       Controls.TControl.GetControlsAlignment
 0001:00040FB4       Controls.TControl.GetDeviceContext
 0001:00043514       Controls.TControl.GetDockEdge
 0001:0003FC84       Controls.TControl.GetDragImages
 0001:0003FC88       Controls.TControl.GetEnabled
 0001:000435C4       Controls.TControl.GetFloating
 0001:000435F0       Controls.TControl.GetFloatingDockSiteClass
 0001:00040EBC       Controls.TControl.GetMouseCapture
 0001:0003FC90       Controls.TControl.GetPalette
 0001:0003FC9C       Controls.TControl.GetParentComponent
 0001:00042984       Controls.TControl.GetPopupMenu
 0001:00040C64       Controls.TControl.GetText
 0001:00040BE4       Controls.TControl.GetTextBuf
 0001:00040BD4       Controls.TControl.GetTextLen
 0001:00040BF0       Controls.TControl.GetUndockHeight
 0001:00040C04       Controls.TControl.GetUndockWidth
 0001:0003FC94       Controls.TControl.HasParent
 0001:00043674       Controls.TControl.InitiateAction
 0001:00041174       Controls.TControl.Invalidate
 0001:000410E8       Controls.TControl.InvalidateControl
 0001:0003FE70       Controls.TControl.IsAnchorsStored
 0001:00040D88       Controls.TControl.IsBiDiModeStored
 0001:00043334       Controls.TControl.IsCaptionStored
 0001:00040E50       Controls.TControl.IsColorStored
 0001:00043354       Controls.TControl.IsEnabledStored
 0001:00040D68       Controls.TControl.IsFontStored
 0001:00043394       Controls.TControl.IsHelpContextStored
 0001:00043374       Controls.TControl.IsHintStored
 0001:000433D4       Controls.TControl.IsOnClickStored
 0001:00040D7C       Controls.TControl.IsShowHintStored
 0001:000433B4       Controls.TControl.IsVisibleStored
 0001:000433F4       Controls.TControl.Loaded
 0001:00041A90       Controls.TControl.ManualDock
 0001:00041C70       Controls.TControl.ManualFloat
 0001:00041188       Controls.TControl.MouseActivate
 0001:0004280C       Controls.TControl.MouseDown
 0001:00042AD8       Controls.TControl.MouseMove
 0001:00042B84       Controls.TControl.MouseUp
 0001:000411D0       Controls.TControl.MouseWheelHandler
 0001:0003FF88       Controls.TControl.Notification
 0001:0003FCC8       Controls.TControl.PaletteChanged
 0001:00041F48       Controls.TControl.Perform
 0001:0004157C       Controls.TControl.PositionDockRect
 0001:00043A5C       Controls.TControl.ReadExplicitHeight
 0001:00043A74       Controls.TControl.ReadExplicitLeft
 0001:00043A44       Controls.TControl.ReadExplicitTop
 0001:00043A1C       Controls.TControl.ReadExplicitWidth
 0001:0004237C       Controls.TControl.ReadIsControl
 0001:0003FEF4       Controls.TControl.ReadState
 0001:00041264       Controls.TControl.Repaint
 0001:0003FEC4       Controls.TControl.RequestAlign
 0001:0003FED4       Controls.TControl.Resize
 0001:00040718       Controls.TControl.ScaleConstraints
 0001:0004079C       Controls.TControl.ScreenToClient
 0001:000407C8       Controls.TControl.SendCancelMode
 0001:000407F8       Controls.TControl.SendDockNotification
 0001:0003FDF4       Controls.TControl.SetAction
 0001:0003FFE0       Controls.TControl.SetAlign
 0001:00043988       Controls.TControl.SetAlignWithMargins
 0001:0003FD54       Controls.TControl.SetAnchors
 0001:00040A30       Controls.TControl.SetAutoSize
 0001:00040CF8       Controls.TControl.SetBiDiMode
 0001:000400C8       Controls.TControl.SetBounds
 0001:0004059C       Controls.TControl.SetBoundsRect
 0001:00040634       Controls.TControl.SetClientHeight
 0001:00040AF0       Controls.TControl.SetClientSize
 0001:000405F0       Controls.TControl.SetClientWidth
 0001:00040E04       Controls.TControl.SetColor
 0001:0004382C       Controls.TControl.SetConstraints
 0001:00040EA0       Controls.TControl.SetCursor
 0001:0003FE88       Controls.TControl.SetDesignVisible
 0001:0003FEC0       Controls.TControl.SetDragMode
 0001:00040BBC       Controls.TControl.SetEnabled
 0001:00040D58       Controls.TControl.SetFont
 0001:00040388       Controls.TControl.SetHeight
 0001:00040544       Controls.TControl.SetHelpContext
 0001:00040558       Controls.TControl.SetHelpKeyword
 0001:000402EC       Controls.TControl.SetLeft
 0001:00043974       Controls.TControl.SetMargins
 0001:00040ECC       Controls.TControl.SetMouseCapture
 0001:00040A4C       Controls.TControl.SetName
 0001:00040B38       Controls.TControl.SetParent
 0001:00040E7C       Controls.TControl.SetParentBiDiMode
 0001:00040E58       Controls.TControl.SetParentColor
 0001:0003FCA0       Controls.TControl.SetParentComponent
 0001:00040D90       Controls.TControl.SetParentFont
 0001:00040DD8       Controls.TControl.SetParentShowHint
 0001:00040C18       Controls.TControl.SetPopupMenu
 0001:00040DB4       Controls.TControl.SetShowHint
 0001:00040C94       Controls.TControl.SetText
 0001:00040C40       Controls.TControl.SetTextBuf
 0001:00040320       Controls.TControl.SetTop
 0001:00040B84       Controls.TControl.SetVisible
 0001:00040354       Controls.TControl.SetWidth
 0001:00040F90       Controls.TControl.SetZOrder
 0001:00040F08       Controls.TControl.SetZOrderPosition
 0001:00041250       Controls.TControl.Update
 0001:00040168       Controls.TControl.UpdateAnchorRules
 0001:00041FF0       Controls.TControl.UpdateBoundsRect
 0001:000439B8       Controls.TControl.UpdateExplicitBounds
 0001:0004137C       Controls.TControl.UseRightToLeftAlignment
 0001:00041364       Controls.TControl.UseRightToLeftReading
 0001:00041394       Controls.TControl.UseRightToLeftScrollBar
 0001:00042020       Controls.TControl.VisibleChanging
 0001:00042D10       Controls.TControl.WMCancelMode
 0001:000436B4       Controls.TControl.WMContextMenu
 0001:00042930       Controls.TControl.WMLButtonDblClk
 0001:000428C8       Controls.TControl.WMLButtonDown
 0001:00042BF4       Controls.TControl.WMLButtonUp
 0001:00042AAC       Controls.TControl.WMMButtonDblClk
 0001:00042A80       Controls.TControl.WMMButtonDown
 0001:00042C98       Controls.TControl.WMMButtonUp
 0001:00042B0C       Controls.TControl.WMMouseMove
 0001:00042CB8       Controls.TControl.WMMouseWheel
 0001:00042914       Controls.TControl.WMNCLButtonDown
 0001:00042A54       Controls.TControl.WMRButtonDblClk
 0001:00042A28       Controls.TControl.WMRButtonDown
 0001:00042C78       Controls.TControl.WMRButtonUp
 0001:00042D50       Controls.TControl.WMWindowPosChanged
 0001:00042024       Controls.TControl.WndProc
 0001:000439FC       Controls.TControl.WriteExplicitHeight
 0001:00043A0C       Controls.TControl.WriteExplicitLeft
 0001:000439EC       Controls.TControl.WriteExplicitTop
 0001:00043A34       Controls.TControl.WriteExplicitWidth
 0001:00042390       Controls.TControl.WriteIsControl
 0001:0003F670       Controls.TControlActionLink.AssignClient
 0001:0003F68C       Controls.TControlActionLink.DoShowHint
 0001:0003F77C       Controls.TControlActionLink.IsCaptionLinked
 0001:0003F7F0       Controls.TControlActionLink.IsDropdownMenuLinked
 0001:0003F804       Controls.TControlActionLink.IsEnabledLinked
 0001:0003F838       Controls.TControlActionLink.IsEnableDropdownLinked
 0001:0003F9D8       Controls.TControlActionLink.IsHelpLinked
 0001:0003F84C       Controls.TControlActionLink.IsHintLinked
 0001:0003F8F8       Controls.TControlActionLink.IsOnExecuteLinked
 0001:0003F884       Controls.TControlActionLink.IsPopupMenuLinked
 0001:0003F8C4       Controls.TControlActionLink.IsVisibleLinked
 0001:0003F920       Controls.TControlActionLink.SetCaption
 0001:0003F940       Controls.TControlActionLink.SetDropdownMenu
 0001:0003F944       Controls.TControlActionLink.SetEnabled
 0001:0003F964       Controls.TControlActionLink.SetEnableDropdown
 0001:0003FA60       Controls.TControlActionLink.SetHelpContext
 0001:0003FA40       Controls.TControlActionLink.SetHelpKeyword
 0001:0003FA80       Controls.TControlActionLink.SetHelpType
 0001:0003F968       Controls.TControlActionLink.SetHint
 0001:0003F9AC       Controls.TControlActionLink.SetOnExecute
 0001:0003FAA0       Controls.TControlActionLink.SetPopupMenu
 0001:0003F98C       Controls.TControlActionLink.SetVisible
 0001:0003F42C       Controls.TControlCanvas.CreateHandle
 0001:0003F400       Controls.TControlCanvas.Destroy
 0001:0003F4D4       Controls.TControlCanvas.FreeHandle
 0001:0003F508       Controls.TControlCanvas.SetControl
 0001:0003F520       Controls.TControlCanvas.UpdateTextFlags
 0001:0004ADBC       Controls.TCustomControl.Create
 0001:0004AE18       Controls.TCustomControl.Destroy
 0001:0004AF14       Controls.TCustomControl.Paint
 0001:0004AE68       Controls.TCustomControl.PaintWindow
 0001:0004AE48       Controls.TCustomControl.WMPaint
 0001:0004DAD0       Controls.TDockTree.ActualSize
 0001:0004B7A0       Controls.TDockTree.AdjustDockRect
 0001:0004DB64       Controls.TDockTree.AdjustFrameRect
 0001:0004B7B8       Controls.TDockTree.BeginUpdate
 0001:0004D7B0       Controls.TDockTree.ControlVisibilityChanged
 0001:0004B5E4       Controls.TDockTree.Create
 0001:0004B74C       Controls.TDockTree.Destroy
 0001:0004D3B0       Controls.TDockTree.DrawSizeSplitter
 0001:0004B7BC       Controls.TDockTree.EndUpdate
 0001:0004BE6C       Controls.TDockTree.FindControlAtPos
 0001:0004B828       Controls.TDockTree.FindControlZone
 0001:0004B890       Controls.TDockTree.ForEachAt
 0001:0004B8A8       Controls.TDockTree.GetControlBounds
 0001:0004D52C       Controls.TDockTree.GetNextLimit
 0001:0004B91C       Controls.TDockTree.HitTest
 0001:0004B92C       Controls.TDockTree.InsertControl
 0001:0004BB48       Controls.TDockTree.InsertNewParent
 0001:0004BCF0       Controls.TDockTree.InsertSibling
 0001:0004C00C       Controls.TDockTree.InternalHitTest
 0001:0004C0DC       Controls.TDockTree.LoadFromStream
 0001:0004DBA4       Controls.TDockTree.MouseDown
 0001:0004DD58       Controls.TDockTree.MouseMove
 0001:0004DDA8       Controls.TDockTree.MouseUp
 0001:0004C5A8       Controls.TDockTree.PaintDockFrame
 0001:0004C6FC       Controls.TDockTree.PaintSite
 0001:0004C830       Controls.TDockTree.PositionDockRect
 0001:0004C9E0       Controls.TDockTree.PruneZone
 0001:0004DB38       Controls.TDockTree.ReferenceFromOrient
 0001:0004DB00       Controls.TDockTree.RelativeSize
 0001:0004CA3C       Controls.TDockTree.RemoveControl
 0001:0004CA7C       Controls.TDockTree.RemoveZone
 0001:0004CD1C       Controls.TDockTree.ResetBounds
 0001:0004CFD0       Controls.TDockTree.SaveToStream
 0001:0004CE04       Controls.TDockTree.ScaleZone
 0001:0004D20C       Controls.TDockTree.SetNewBounds
 0001:0004D23C       Controls.TDockTree.SetReplacingControl
 0001:0004D254       Controls.TDockTree.ShiftZone
 0001:0004DE1C       Controls.TDockTree.ShowHint
 0001:0004D288       Controls.TDockTree.SplitterMouseDown
 0001:0004D2E8       Controls.TDockTree.SplitterMouseUp
 0001:0004D364       Controls.TDockTree.UpdateAll
 0001:0004D38C       Controls.TDockTree.UpdateZone
 0001:0004D39C       Controls.TDockTree.WindowProc
 0001:0004D838       Controls.TDockTree.WndProc
 0001:0004BD68       Controls.TDockTree.ZoneCaptionHitTest
 0001:0004AF58       Controls.TDockZone.Create
 0001:0004B510       Controls.TDockZone.ExpandZoneLimit
 0001:0004B5D8       Controls.TDockZone.FirstVisibleChild
 0001:0004AF7C       Controls.TDockZone.GetChildCount
 0001:0004B260       Controls.TDockZone.GetControlName
 0001:0004B100       Controls.TDockZone.GetHeightWidth
 0001:0004AFEC       Controls.TDockZone.GetLimitBegin
 0001:0004B034       Controls.TDockZone.GetLimitSize
 0001:0004B07C       Controls.TDockZone.GetTopLeft
 0001:0004AFB4       Controls.TDockZone.GetVisible
 0001:0004AF90       Controls.TDockZone.GetVisibleChildCount
 0001:0004B4D4       Controls.TDockZone.GetZoneLimit
 0001:0004B5B0       Controls.TDockZone.NextVisible
 0001:0004B5BC       Controls.TDockZone.PrevVisible
 0001:0004B1B8       Controls.TDockZone.ResetChildren
 0001:0004B550       Controls.TDockZone.ResetZoneLimits
 0001:0004B2A4       Controls.TDockZone.SetControlName
 0001:0004B4FC       Controls.TDockZone.SetZoneLimit
 0001:0004B358       Controls.TDockZone.Update
 0001:0003DF68       Controls.TDragControlObject.GetDragCursor
 0001:0003DF80       Controls.TDragControlObject.GetDragImages
 0001:0003DF8C       Controls.TDragControlObject.HideDragImage
 0001:0003DFAC       Controls.TDragControlObject.ShowDragImage
 0001:0003DFCC       Controls.TDragControlObjectEx.BeforeDestruction
 0001:0003E108       Controls.TDragDockObject.AdjustDockRect
 0001:0003E068       Controls.TDragDockObject.Assign
 0001:0003DFD0       Controls.TDragDockObject.Create
 0001:0003E038       Controls.TDragDockObject.Destroy
 0001:0003E184       Controls.TDragDockObject.DrawDragDockImage
 0001:0003E0C8       Controls.TDragDockObject.EndDrag
 0001:0003E198       Controls.TDragDockObject.EraseDragDockImage
 0001:0003E1AC       Controls.TDragDockObject.GetDragCursor
 0001:0003E1B8       Controls.TDragDockObject.GetEraseWhenMoving
 0001:0003E1BC       Controls.TDragDockObject.GetFrameWidth
 0001:0003E1C4       Controls.TDragDockObjectEx.BeforeDestruction
 0001:0004ABFC       Controls.TDragImageList.BeginDrag
 0001:0004AC70       Controls.TDragImageList.DragLock
 0001:0004ACF8       Controls.TDragImageList.DragMove
 0001:0004ACD4       Controls.TDragImageList.DragUnlock
 0001:0004AD6C       Controls.TDragImageList.EndDrag
 0001:0004AD54       Controls.TDragImageList.HideDragImage
 0001:0004ABD8       Controls.TDragImageList.SetDragCursor
 0001:0004AB90       Controls.TDragImageList.SetDragImage
 0001:0004AD3C       Controls.TDragImageList.ShowDragImage
 0001:0003DEB0       Controls.TDragObject.AfterConstruction
 0001:0003DC5C       Controls.TDragObject.Assign
 0001:0003DEA0       Controls.TDragObject.BeforeDestruction
 0001:0003DC9C       Controls.TDragObject.Capture
 0001:0003DCB4       Controls.TDragObject.Finished
 0001:0003DE2C       Controls.TDragObject.GetDragCursor
 0001:0003DE28       Controls.TDragObject.GetDragImages
 0001:0003DCBC       Controls.TDragObject.GetName
 0001:0003DE44       Controls.TDragObject.HideDragImage
 0001:0003DE48       Controls.TDragObject.Instance
 0001:0003DE54       Controls.TDragObject.MainWndProc
 0001:0003DCE4       Controls.TDragObject.ReleaseCapture
 0001:0003DE50       Controls.TDragObject.ShowDragImage
 0001:0003DCF8       Controls.TDragObject.WndProc
 0001:0004A37C       Controls.TGraphicControl.Create
 0001:0004A3D8       Controls.TGraphicControl.Destroy
 0001:0004A4CC       Controls.TGraphicControl.Paint
 0001:0004A418       Controls.TGraphicControl.WMPaint
 0001:0004A7BC       Controls.THintWindow.ActivateHint
 0001:0004AA38       Controls.THintWindow.ActivateHintData
 0001:0004AA60       Controls.THintWindow.CalcHintRect
 0001:0004A724       Controls.THintWindow.CMTextChanged
 0001:0004A4D0       Controls.THintWindow.Create
 0001:0004A53C       Controls.THintWindow.CreateParams
 0001:0004A6B4       Controls.THintWindow.IsHintMsg
 0001:0004AABC       Controls.THintWindow.NCPaint
 0001:0004A60C       Controls.THintWindow.Paint
 0001:0004A718       Controls.THintWindow.ReleaseHandle
 0001:0004AB4C       Controls.THintWindow.ShouldHideHint
 0001:0004A5A0       Controls.THintWindow.WMNCHitTest
 0001:0004A5A8       Controls.THintWindow.WMNCPaint
 0001:0004AB28       Controls.THintWindow.WMPrint
 0001:0004E76C       Controls.TMargins.AssignTo
 0001:0004E7B4       Controls.TMargins.Change
 0001:0004E728       Controls.TMargins.Create
 0001:0004E92C       Controls.TMargins.GetControlBound
 0001:0004E7C8       Controls.TMargins.InitDefaults
 0001:0004E840       Controls.TMargins.SetControlBounds
 0001:0004E7E8       Controls.TMargins.SetMargin
 0001:0004DF10       Controls.TMouse.Create
 0001:0004DFA0       Controls.TMouse.CreatePanningWindow
 0001:0004DFCC       Controls.TMouse.Destroy
 0001:0004DFFC       Controls.TMouse.GetCapture
 0001:0004E004       Controls.TMouse.GetCursorPos
 0001:0004E014       Controls.TMouse.GetIsDragging
 0001:0004E020       Controls.TMouse.GetIsPanning
 0001:0004E044       Controls.TMouse.GetMouseData
 0001:0004E060       Controls.TMouse.GetNativeData
 0001:0004E090       Controls.TMouse.GetRegisteredData
 0001:0004E0B8       Controls.TMouse.SetCapture
 0001:0004E0E0       Controls.TMouse.SetPanningWindow
 0001:0004E100       Controls.TMouse.SettingChanged
 0001:0004EAF0       Controls.TPadding.InitDefaults
 0001:00047D2C       Controls.TraverseControls
 0003:000016DC       Controls.TreeStreamEndFlag
 0001:0003DB40       Controls.TSiteList.AddSite
 0001:0003DBC4       Controls.TSiteList.Clear
 0001:0003DADC       Controls.TSiteList.Find
 0001:0003DBF8       Controls.TSiteList.GetTopSite
 0001:0003F588       Controls.TSizeConstraints.AssignTo
 0001:0003F65C       Controls.TSizeConstraints.Change
 0001:0003F54C       Controls.TSizeConstraints.Create
 0001:0003F5D0       Controls.TSizeConstraints.SetConstraints
 0001:00049968       Controls.TWinControl.ActionChange
 0001:00044D98       Controls.TWinControl.AddBiDiModeExStyle
 0001:00043E30       Controls.TWinControl.AdjustClientRect
 0001:00048E88       Controls.TWinControl.AdjustSize
 0001:000446FC       Controls.TWinControl.AlignControl
 0001:000445F8       Controls.TWinControl.AlignControls
 0001:00043E60       Controls.TWinControl.ArrangeControl
 0001:000499B0       Controls.TWinControl.AssignTo
 0001:00044C94       Controls.TWinControl.Broadcast
 0001:000494A0       Controls.TWinControl.CalcConstraints
 0001:000499E0       Controls.TWinControl.CanAutoSize
 0001:00048C44       Controls.TWinControl.CanFocus
 0001:000493D4       Controls.TWinControl.CanResize
 0001:00048808       Controls.TWinControl.ChangeScale
 0001:00048054       Controls.TWinControl.CMBiDiModeChanged
 0001:000482B0       Controls.TWinControl.CMBorderChanged
 0001:0004812C       Controls.TWinControl.CMChanged
 0001:00048140       Controls.TWinControl.CMChildKey
 0001:0004820C       Controls.TWinControl.CMColorChanged
 0001:000483F0       Controls.TWinControl.CMControlListChange
 0001:00048404       Controls.TWinControl.CMControlListChanging
 0001:000482F0       Controls.TWinControl.CMCtl3DChanged
 0001:00048270       Controls.TWinControl.CMCursorChanged
 0001:0004810C       Controls.TWinControl.CMDesignHitTest
 0001:0004815C       Controls.TWinControl.CMDialogChar
 0001:00048154       Controls.TWinControl.CMDialogKey
 0001:000478E8       Controls.TWinControl.CMDockClient
 0001:00048390       Controls.TWinControl.CMDrag
 0001:000481C4       Controls.TWinControl.CMEnabledChanged
 0001:0004808C       Controls.TWinControl.CMEnter
 0001:000480FC       Controls.TWinControl.CMExit
 0001:00047A00       Controls.TWinControl.CMFloat
 0001:00048164       Controls.TWinControl.CMFocusChanged
 0001:00048380       Controls.TWinControl.CMFontChange
 0001:00048234       Controls.TWinControl.CMFontChanged
 0001:00048B40       Controls.TWinControl.CMInvalidate
 0001:00048330       Controls.TWinControl.CMParentCtl3DChanged
 0001:00045600       Controls.TWinControl.CMRecreateWnd
 0001:0004803C       Controls.TWinControl.CMShowHintChanged
 0001:0004819C       Controls.TWinControl.CMShowingChanged
 0001:00048370       Controls.TWinControl.CMSysColorChange
 0001:00048418       Controls.TWinControl.CMSysFontChanged
 0001:0004A174       Controls.TWinControl.CMTextChanged
 0001:00048388       Controls.TWinControl.CMTimeChange
 0001:000479D8       Controls.TWinControl.CMUnDockClient
 0001:0004816C       Controls.TWinControl.CMVisibleChanged
 0001:00048378       Controls.TWinControl.CMWinIniChange
 0001:00048604       Controls.TWinControl.CNChar
 0001:000484CC       Controls.TWinControl.CNKeyDown
 0001:000485B0       Controls.TWinControl.CNKeyUp
 0001:000486B0       Controls.TWinControl.CNSysChar
 0001:00048654       Controls.TWinControl.CNSysKeyDown
 0001:0004992C       Controls.TWinControl.ConstrainedResize
 0001:000449DC       Controls.TWinControl.ContainsControl
 0001:00045B18       Controls.TWinControl.ControlAtPos
 0001:0004778C       Controls.TWinControl.ControlsAligned
 0001:00043AC0       Controls.TWinControl.Create
 0001:00047790       Controls.TWinControl.CreateDockManager
 0001:00045424       Controls.TWinControl.CreateHandle
 0001:00044E00       Controls.TWinControl.CreateParams
 0001:00044D2C       Controls.TWinControl.CreateSubClass
 0001:000450FC       Controls.TWinControl.CreateWindowHandle
 0001:00044F2C       Controls.TWinControl.CreateWnd
 0001:000454BC       Controls.TWinControl.CustomAlignInsertBefore
 0001:000454E0       Controls.TWinControl.CustomAlignPosition
 0001:000462FC       Controls.TWinControl.DefaultHandler
[...]
  3572 0001:0006B489  3573 0001:0006B49A  3576 0001:0006B4B0  3577 0001:0006B4BB
  3579 0001:0006B4D4  3580 0001:0006B4E4  3585 0001:0006B4EC  3589 0001:0006B4F5
  3590 0001:0006B4F7  3595 0001:0006B4FF  3598 0001:0006B508  3601 0001:0006B50E
  3604 0001:0006B522  3605 0001:0006B528  3593 0001:0006B534  3611 0001:0006B53A
  3615 0001:0006B540  3619 0001:0006B546  3620 0001:0006B54A  3625 0001:0006B551
  3627 0001:0006B568  3628 0001:0006B56E  3622 0001:0006B57A  3631 0001:0006B589
  3633 0001:0006B599  3636 0001:0006B5A8  3642 0001:0006B5AC  3643 0001:0006B5B2
  3646 0001:0006B5B9  3647 0001:0006B5CC  3648 0001:0006B5DD  3650 0001:0006B5EB
  3643 0001:0006B5EE  3652 0001:0006B5F1  3658 0001:0006B5F8  3659 0001:0006B5FE
  3664 0001:0006B605  3665 0001:0006B61B  3666 0001:0006B62F  3668 0001:0006B640
  3659 0001:0006B643  3671 0001:0006B646  3675 0001:0006B650  3677 0001:0006B653
  3678 0001:0006B65C  3684 0001:0006B660  3685 0001:0006B664  3689 0001:0006B66B
  3691 0001:0006B674  3685 0001:0006B675  3693 0001:0006B678  3699 0001:0006B680
  3701 0001:0006B686  3703 0001:0006B68D  3704 0001:0006B6A0  3705 0001:0006B6B1
  3706 0001:0006B6BF  3707 0001:0006B6C8  3701 0001:0006B6CE  3709 0001:0006B6D1
  3715 0001:0006B6D8  3717 0001:0006B6DE  3719 0001:0006B6E5  3720 0001:0006B6FB
  3721 0001:0006B70F  3722 0001:0006B720  3723 0001:0006B72C  3717 0001:0006B732
  3725 0001:0006B735  3732 0001:0006B73C  3734 0001:0006B744  3736 0001:0006B74B
  3737 0001:0006B751  3738 0001:0006B757  3734 0001:0006B759  3740 0001:0006B75C
  3747 0001:0006B764  3749 0001:0006B76C  3751 0001:0006B773  3752 0001:0006B77C
  3753 0001:0006B785  3749 0001:0006B787  3755 0001:0006B78A  3769 0001:0006B790
  3770 0001:0006B79A  3773 0001:0006B7A4  3776 0001:0006B7DA  3777 0001:0006B7F0
  3778 0001:0006B801  3782 0001:0006B812  3783 0001:0006B82E  3784 0001:0006B83C
  3788 0001:0006B84A  3789 0001:0006B85D  3790 0001:0006B86B  3794 0001:0006B879
  3795 0001:0006B88C  3796 0001:0006B89A  3801 0001:0006B8A6  3803 0001:0006B8BC
  3806 0001:0006B8C6  3809 0001:0006B8CD  3811 0001:0006B8E1  3814 0001:0006B8EC
  3815 0001:0006B8FB  3818 0001:0006B911  3819 0001:0006B91D  3806 0001:0006B924
  3823 0001:0006B927  3824 0001:0006B930  3832 0001:0006B938  3834 0001:0006B945
  3835 0001:0006B950  3838 0001:0006B957  3839 0001:0006B96A  3840 0001:0006B97B
  3843 0001:0006B989  3844 0001:0006B999  3845 0001:0006B99B  3846 0001:0006B9A0
  3853 0001:0006B9A8  3855 0001:0006B9B5  3856 0001:0006B9C0  3859 0001:0006B9C7
  3860 0001:0006B9DD  3861 0001:0006B9F1  3864 0001:0006BA02  3865 0001:0006BA12
  3866 0001:0006BA14  3867 0001:0006BA19  3879 0001:0006BA24  3881 0001:0006BA35
  3883 0001:0006BA45  3884 0001:0006BA50  3887 0001:0006BA59  3890 0001:0006BA64
  3892 0001:0006BA7B  3897 0001:0006BAC1  3899 0001:0006BACC  3900 0001:0006BAD2
  3903 0001:0006BAD6  3904 0001:0006BAD9  3905 0001:0006BAE5  3912 0001:0006BAF0
  3914 0001:0006BAFC  3915 0001:0006BB06  3918 0001:0006BB08  3921 0001:0006BB11
  3922 0001:0006BB1D  3923 0001:0006BB1F  3924 0001:0006BB27  3932 0001:0006BB30
  3934 0001:0006BB3A  3935 0001:0006BB47  3936 0001:0006BB51  3939 0001:0006BB5A
  3940 0001:0006BB6D  3941 0001:0006BB7E  3942 0001:0006BB8C  3945 0001:0006BB95
  3946 0001:0006BBA4  3947 0001:0006BBA7  3948 0001:0006BBAA  3949 0001:0006BBB2
  3957 0001:0006BBBC  3959 0001:0006BBC9  3960 0001:0006BBD3  3961 0001:0006BBDA
  3964 0001:0006BBE2  3965 0001:0006BBF0  3966 0001:0006BBFC  3967 0001:0006BC05
  3970 0001:0006BC11  3971 0001:0006BC20  3972 0001:0006BC23  3973 0001:0006BC25
  3974 0001:0006BC2D  3982 0001:0006BC38  3984 0001:0006BC48  3985 0001:0006BC52
  3986 0001:0006BC54  3989 0001:0006BC56  3990 0001:0006BC5C  3993 0001:0006BC62
  3994 0001:0006BC6E  3995 0001:0006BC7A  3996 0001:0006BC84  3997 0001:0006BC8C
  4005 0001:0006BC94  4007 0001:0006BCA0  4008 0001:0006BCAA  4009 0001:0006BCAC
  4012 0001:0006BCB4  4013 0001:0006BCBD  4016 0001:0006BCC9  4017 0001:0006BCD5
  4018 0001:0006BCD8  4019 0001:0006BCE2  4020 0001:0006BCEA  4032 0001:0006BCF4
  4033 0001:0006BD00  4036 0001:0006BD0A  4039 0001:0006BD40  4040 0001:0006BD54
  4041 0001:0006BD65  4045 0001:0006BD76  4046 0001:0006BD8F  4047 0001:0006BD9D
  4051 0001:0006BDAB  4052 0001:0006BDBC  4053 0001:0006BDCA  4057 0001:0006BDD8
  4058 0001:0006BDE9  4059 0001:0006BDF7  4064 0001:0006BE03  4067 0001:0006BE22
  4069 0001:0006BE38  4071 0001:0006BE56  4074 0001:0006BE63  4076 0001:0006BE6D
  4078 0001:0006BE8B  4081 0001:0006BE9F  4085 0001:0006BEA7  4087 0001:0006BEC1
  4090 0001:0006BECC  4091 0001:0006BEDD  4094 0001:0006BEF5  4096 0001:0006BEFB
  4097 0001:0006BF0A  4082 0001:0006BF13  4100 0001:0006BF1C  4064 0001:0006BF30
  4103 0001:0006BF3B  4104 0001:0006BF45  4111 0001:0006BF50  4120 0001:0006BF58
  4121 0001:0006BF64  4125 0001:0006BF6F  4126 0001:0006BF76  4128 0001:0006BF87
  4129 0001:0006BF8C  4130 0001:0006BF9D  4121 0001:0006BF9E  4133 0001:0006BFA1
  4134 0001:0006BFAD  4135 0001:0006BFB8  4136 0001:0006BFCB  4134 0001:0006BFCC
  4139 0001:0006BFCF  4140 0001:0006BFDB  4144 0001:0006BFE6  4145 0001:0006BFED
  4147 0001:0006BFFE  4149 0001:0006C003  4152 0001:0006C00E  4154 0001:0006C02B
  4140 0001:0006C02C  4157 0001:0006C02F  4160 0001:0006C03B  4161 0001:0006C040
  4162 0001:0006C045  4166 0001:0006C050  4168 0001:0006C057  4169 0001:0006C066
  4172 0001:0006C076  4174 0001:0006C081  4176 0001:0006C0A4  4162 0001:0006C0A5
  4181 0001:0006C0A8  4186 0001:0006C0B6  4188 0001:0006C0DA  4189 0001:0006C0DE
  4194 0001:0006C0E3  4195 0001:0006C0ED  4197 0001:0006C0EF  4199 0001:0006C105
  4201 0001:0006C10B  4203 0001:0006C128  4204 0001:0006C12B  4208 0001:0006C12D
  4209 0001:0006C13C  4211 0001:0006C160  4208 0001:0006C165  4214 0001:0006C168
  4216 0001:0006C172  4217 0001:0006C175  4220 0001:0006C17D  4195 0001:0006C17E
  4221 0001:0006C187  4227 0001:0006C19C  4229 0001:0006C1BB  4230 0001:0006C1C6
  4233 0001:0006C1E6  4234 0001:0006C1F7  4248 0001:0006C220  4250 0001:0006C24A
  4251 0001:0006C258  4254 0001:0006C262  4257 0001:0006C281  4258 0001:0006C285
  4259 0001:0006C2A9  4263 0001:0006C2AE  4264 0001:0006C2BB  4265 0001:0006C2CD
  4266 0001:0006C2D6  4267 0001:0006C2E1  4268 0001:0006C2E4  4269 0001:0006C2F6
  4271 0001:0006C2F8  4272 0001:0006C308  4273 0001:0006C31A  4274 0001:0006C32C
  4276 0001:0006C330  4277 0001:0006C333  4268 0001:0006C336  4278 0001:0006C33B
  4279 0001:0006C351  4288 0001:0006C380  4290 0001:0006C38F  4291 0001:0006C3A2
  4293 0001:0006C3AF  4294 0001:0006C3C2  4296 0001:0006C3E1  4299 0001:0006C3E4
  4300 0001:0006C3FB  4301 0001:0006C40B  4303 0001:0006C40D  4304 0001:0006C41B
  4305 0001:0006C42A  4306 0001:0006C439  4300 0001:0006C43C  4309 0001:0006C43F
  4310 0001:0006C449  4314 0001:0006C454  4316 0001:0006C46D  4317 0001:0006C47E
  4319 0001:0006C486  4320 0001:0006C4A4  4326 0001:0006C4C8  4328 0001:0006C4E1
  4329 0001:0006C4F2  4331 0001:0006C504  4332 0001:0006C522  4336 0001:0006C544
  4338 0001:0006C556  4339 0001:0006C55F  4340 0001:0006C56B  4344 0001:0006C588
  4346 0001:0006C58B  4349 0001:0006C591  4350 0001:0006C59D  4353 0001:0006C5A4
  4354 0001:0006C5AE  4357 0001:0006C5B0  4358 0001:0006C5B6  4359 0001:0006C5C5
  4360 0001:0006C5D9  4362 0001:0006C605  4363 0001:0006C62A  4371 0001:0006C638
  4373 0001:0006C646  4374 0001:0006C657  4375 0001:0006C661  4377 0001:0006C66A
  4378 0001:0006C672  4379 0001:0006C675  4381 0001:0006C677  4383 0001:0006C6C7
  4386 0001:0006C714  4379 0001:0006C715  4386 0001:0006C721  4390 0001:0006C748
  4392 0001:0006C74E  4394 0001:0006C760  4395 0001:0006C76C  4401 0001:0006C770
  4403 0001:0006C776  4404 0001:0006C77A  4406 0001:0006C784  4407 0001:0006C795
  4409 0001:0006C7AD  4410 0001:0006C7BE  4411 0001:0006C7CD  4415 0001:0006C7F5
  4416 0001:0006C7FE  4422 0001:0006C804  4424 0001:0006C809  4426 0001:0006C810
  4427 0001:0006C821  4426 0001:0006C834  4428 0001:0006C837  4429 0001:0006C844
  4467 0001:0006C848  4469 0001:0006C85A  4472 0001:0006C863  4473 0001:0006C875
  4474 0001:0006C882  4475 0001:0006C889  4476 0001:0006C890  4478 0001:0006C89A
  4480 0001:0006C8AE  4484 0001:0006C8CC  4486 0001:0006C8D7  4487 0001:0006C8DE
  4488 0001:0006C8E9  4489 0001:0006C8F3  4492 0001:0006C8F8  4493 0001:0006C904
  4497 0001:0006C914  4499 0001:0006C91D  4502 0001:0006C92C  4505 0001:0006C960
  4508 0001:0006C99A  4509 0001:0006C9AA  4511 0001:0006C9B2  4514 0001:0006C9BA
  4517 0001:0006C9C2  4520 0001:0006C9DA  4523 0001:0006C9F1  4525 0001:0006CA0A
  4532 0001:0006CA10  4533 0001:0006CA14  4536 0001:0006CA18  4540 0001:0006CA1C
  4542 0001:0006CA1F  4543 0001:0006CA2A  4544 0001:0006CA3F  4545 0001:0006CA41
  4549 0001:0006CA44  4551 0001:0006CA47  4552 0001:0006CA52  4553 0001:0006CA61
  4554 0001:0006CA63  4559 0001:0006CA68  4560 0001:0006CA75  4564 0001:0006CA78
  4565 0001:0006CA98  4566 0001:0006CAA9  4572 0001:0006CACC  4573 0001:0006CAD4
  4574 0001:0006CAE5  4662 0001:0006CAE8  4664 0001:0006CAFF  4665 0001:0006CB23
  4669 0001:0006CB3F  4670 0001:0006CB5C  4672 0001:0006CB5E  4681 0001:0006CB84
  4684 0001:0006CB8D  4685 0001:0006CB90  4687 0001:0006CB92  4690 0001:0006CB9C
  4691 0001:0006CB9F  4693 0001:0006CBA2  4742 0001:0006CBA4  4744 0001:0006CBDE
  4745 0001:0006CC02  4747 0001:0006CC0D  4748 0001:0006CC1C  4749 0001:0006CC2B
  4750 0001:0006CC36  4751 0001:0006CC5B  4752 0001:0006CCA9  4755 0001:0006CCF7
  4756 0001:0006CD09  4757 0001:0006CD11  4758 0001:0006CD1B  4762 0001:0006CD2D
  4764 0001:0006CD37  4765 0001:0006CD61  4768 0001:0006CD7E  4770 0001:0006CD8A
  4771 0001:0006CD99  4772 0001:0006CDA2  4776 0001:0006CDC6  4779 0001:0006CDD6
  4782 0001:0006CE02  4783 0001:0006CE0E  4785 0001:0006CE24  4789 0001:0006CE40
  4790 0001:0006CE46  4791 0001:0006CE4F  4793 0001:0006CE71  4795 0001:0006CE77
  4798 0001:0006CEA5  4801 0001:0006CEBA  4803 0001:0006CECE  4805 0001:0006CEE4
  4806 0001:0006CEEE  4807 0001:0006CEF4  4809 0001:0006CF0D  4811 0001:0006CF19
  4813 0001:0006CF51  4815 0001:0006CF87  4818 0001:0006CFBA  4801 0001:0006CFBD
  4821 0001:0006CFC4  4822 0001:0006CFCA  4823 0001:0006CFE0  4824 0001:0006CFEE
  4826 0001:0006D001  4798 0001:0006D004  4828 0001:0006D012  4829 0001:0006D022
  4832 0001:0006D037  4833 0001:0006D04B  4834 0001:0006D060  4835 0001:0006D076
  4837 0001:0006D0AA  4839 0001:0006D0DE  4841 0001:0006D110  4832 0001:0006D113
  4844 0001:0006D11A  4845 0001:0006D120  4846 0001:0006D136  4847 0001:0006D144
  4850 0001:0006D157  4829 0001:0006D15A  4853 0001:0006D168  4854 0001:0006D17F
  4856 0001:0006D196  4859 0001:0006D1AB  4861 0001:0006D1B0  4862 0001:0006D1B5
  4863 0001:0006D1CB  4867 0001:0006D1D4  4868 0001:0006D1EC  4869 0001:0006D211
  4870 0001:0006D23C  4874 0001:0006D245  4876 0001:0006D24E  4877 0001:0006D25A
  4879 0001:0006D291  4881 0001:0006D2BE  4886 0001:0006D2E4  4887 0001:0006D2F1
  4890 0001:0006D2FB  4893 0001:0006D307  4894 0001:0006D30D  4895 0001:0006D323
  4897 0001:0006D331  4856 0001:0006D334  4901 0001:0006D33D  4904 0001:0006D369
  4905 0001:0006D376  4906 0001:0006D37F  4907 0001:0006D388  4913 0001:0006D3B4
  4915 0001:0006D3BE  4916 0001:0006D3CD  4919 0001:0006D3E7  4922 0001:0006D3F6
  4924 0001:0006D40A  4931 0001:0006D433  4932 0001:0006D442  4938 0001:0006D487
  4954 0001:0006D48C  4956 0001:0006D4B2  4957 0001:0006D4B7  4959 0001:0006D4BF
  4962 0001:0006D4CE  4964 0001:0006D4E2  4965 0001:0006D500  4969 0001:0006D505
  4970 0001:0006D507  4974 0001:0006D51A  4975 0001:0006D51D  4976 0001:0006D52E
  4982 0001:0006D536  4985 0001:0006D549  4986 0001:0006D55B  4989 0001:0006D579
  4991 0001:0006D584  4995 0001:0006D593  4997 0001:0006D5B8  4998 0001:0006D5CA
  4999 0001:0006D5E8  5003 0001:0006D5ED  5005 0001:0006D62F  5006 0001:0006D632
  5007 0001:0006D643  5010 0001:0006D648  5013 0001:0006D669  5017 0001:0006D688
  5020 0001:0006D6C3  5021 0001:0006D6D4  5026 0001:0006D6F2  5027 0001:0006D724
  5029 0001:0006D73D  5030 0001:0006D74E  5034 0001:0006D758  5037 0001:0006D77B
  5040 0001:0006D78C  5041 0001:0006D790  5042 0001:0006D7AE  5046 0001:0006D818
  5047 0001:0006D81E  5048 0001:0006D830  5052 0001:0006D834  5053 0001:0006D83A
  5054 0001:0006D84C  5060 0001:0006D850  5061 0001:0006D860  5062 0001:0006D86F
  5063 0001:0006D87D  5064 0001:0006D88E  5065 0001:0006D89F  5066 0001:0006D8D5
  5068 0001:0006D8F3  5070 0001:0006D903  5075 0001:0006D90C  5076 0001:0006D919
  5077 0001:0006D928  5078 0001:0006D936  5079 0001:0006D946  5081 0001:0006D968
  5083 0001:0006D978  5087 0001:0006D980  5088 0001:0006D983  5089 0001:0006D98F
  5097 0001:0006D994  5099 0001:0006D99D  5101 0001:0006D9AF  5102 0001:0006D9C0
  5103 0001:0006D9D5  5101 0001:0006D9D6  5103 0001:0006D9D9  5109 0001:0006D9E0
  5111 0001:0006D9E7  5112 0001:0006D9F0  5114 0001:0006D9FE  5115 0001:0006DA05
  5117 0001:0006DA18  5118 0001:0006DA1F  5120 0001:0006DA2F  5121 0001:0006DA36
  5124 0001:0006DA3D  5126 0001:0006DA44  5127 0001:0006DA4D  5130 0001:0006DA6A
  5131 0001:0006DA70  5162 0001:0006DA74  5163 0001:0006DA78  5166 0001:0006DA85
  5167 0001:0006DA94  5169 0001:0006DA99  5171 0001:0006DAD4  5172 0001:0006DAD8
  5175 0001:0006DADC  5176 0001:0006DAF1  5177 0001:0006DAF5  5178 0001:0006DAF9
  5180 0001:0006DB0E  5183 0001:0006DB21  5187 0001:0006DB24  5190 0001:0006DB30
  5191 0001:0006DB41  5194 0001:0006DB50  5197 0001:0006DB75  5198 0001:0006DB87
  5199 0001:0006DB98  5200 0001:0006DBA9  5203 0001:0006DBBD  5205 0001:0006DBC9
  5206 0001:0006DBEA  5207 0001:0006DBFA  5213 0001:0006DC05  5215 0001:0006DC0F
  5230 0001:0006DC18  5232 0001:0006DC2B  5235 0001:0006DC37  5238 0001:0006DC3E
  5242 0001:0006DC4E  5244 0001:0006DC5A  5245 0001:0006DC74  5246 0001:0006DC92
  5247 0001:0006DCA3  5250 0001:0006DCB4  5251 0001:0006DCC1  5252 0001:0006DCD4
  5253 0001:0006DCE8  5254 0001:0006DCF6  5258 0001:0006DD04  5260 0001:0006DD0E
  5263 0001:0006DD1C  5264 0001:0006DD2E  5265 0001:0006DD37  5266 0001:0006DD49
  5268 0001:0006DD5A  5269 0001:0006DD61  5270 0001:0006DD69  5271 0001:0006DD71
  5266 0001:0006DD75  5272 0001:0006DD78  5276 0001:0006DD8F  5277 0001:0006DDA0
  5283 0001:0006DDAC  5285 0001:0006DDB6  5286 0001:0006DDC6  5287 0001:0006DDD6
  5288 0001:0006DDE6  5291 0001:0006DDF6  5292 0001:0006DDFD  5294 0001:0006DE14
  5295 0001:0006DE25  5297 0001:0006DE2E  5298 0001:0006DE52  5299 0001:0006DE6F
  5294 0001:0006DE70  5300 0001:0006DE73  5304 0001:0006DE7C  5305 0001:0006DE80
  5306 0001:0006DE85  5307 0001:0006DE96  5308 0001:0006DEA9  5309 0001:0006DEAB
  5314 0001:0006DEB0  5315 0001:0006DEB4  5316 0001:0006DEB9  5318 0001:0006DED6
  5323 0001:0006DEDC  5324 0001:0006DEE0  5325 0001:0006DEE5  5327 0001:0006DF02
  5335 0001:0006DF08  5337 0001:0006DF0A  5338 0001:0006DF13  5340 0001:0006DF17
  5335 0001:0006DF18  5340 0001:0006DF20  5346 0001:0006DF24  5347 0001:0006DF29
  5349 0001:0006DF32  5351 0001:0006DF34  5354 0001:0006DF50  5356 0001:0006DF7F
  5358 0001:0006DF83  5362 0001:0006DF8B  5363 0001:0006DF8F  5364 0001:0006DF95
  5368 0001:0006DF9B  5465 0001:0006DFA4  5466 0001:0006DFA7  5468 0001:0006DFC3
  5469 0001:0006DFCE  5470 0001:0006DFD0  5498 0001:0006DFD4  5499 0001:0006DFDD
  5500 0001:0006E014  5507 0001:0006E01C  5508 0001:0006E02B  5511 0001:0006E036
  5512 0001:0006E042  5514 0001:0006E04C  5516 0001:0006E07B  5519 0001:0006E0B7
  5523 0001:0006E0CD  5525 0001:0006E0E2  5526 0001:0006E101  5530 0001:0006E140
  5531 0001:0006E14C  5532 0001:0006E16A  5533 0001:0006E187  5535 0001:0006E1A5
  5538 0001:0006E1AA  5557 0001:0006E1B4  5558 0001:0006E1C3  5561 0001:0006E1CE
  5564 0001:0006E1E8  5565 0001:0006E1F4  5567 0001:0006E1FE  5569 0001:0006E22D
  5573 0001:0006E274  5576 0001:0006E2B0  5581 0001:0006E2B8  5582 0001:0006E2C7
  5583 0001:0006E2DD  5584 0001:0006E2FE  5589 0001:0006E308  5590 0001:0006E317
  5592 0001:0006E32D  5593 0001:0006E336  5594 0001:0006E342  5596 0001:0006E34D
  5603 0001:0006E354  5604 0001:0006E363  5605 0001:0006E377  5606 0001:0006E393
  5611 0001:0006E39C  5612 0001:0006E3AB  5613 0001:0006E3BF  5618 0001:0006E3C8
  5619 0001:0006E3D4  5620 0001:0006E3EA  5629 0001:0006E3F4  5630 0001:0006E417
  5633 0001:0006E42B  5636 0001:0006E436  5637 0001:0006E445  5638 0001:0006E44E
  5639 0001:0006E457  5641 0001:0006E474  5642 0001:0006E481  5643 0001:0006E492
  5647 0001:0006E4AF  5648 0001:0006E4D4  5650 0001:0006E50F  5647 0001:0006E512
  5653 0001:0006E517  5656 0001:0006E533  5657 0001:0006E541  5658 0001:0006E555
  5659 0001:0006E57A  5660 0001:0006E5AC  5658 0001:0006E5AF  5661 0001:0006E5B4
  5662 0001:0006E5C2  5666 0001:0006E5CE  5668 0001:0006E5DE  5669 0001:0006E5EC
  5670 0001:0006E5FD  5671 0001:0006E622  5672 0001:0006E654  5670 0001:0006E657
  5673 0001:0006E65C  5674 0001:0006E66A  5679 0001:0006E676  5680 0001:0006E682
  5683 0001:0006E68E  5684 0001:0006E69A  5685 0001:0006E6A6  5686 0001:0006E6B2
  5689 0001:0006E6BE  5690 0001:0006E6C7  5694 0001:0006E6D2  5696 0001:0006E6F0
  5700 0001:0006E714  5701 0001:0006E723  5703 0001:0006E74F  5705 0001:0006E75A
  5706 0001:0006E76B  5707 0001:0006E77F  5708 0001:0006E78C  5710 0001:0006E7A0
  5712 0001:0006E7B2  5717 0001:0006E7B8  5718 0001:0006E7C7  5720 0001:0006E7F3
  5722 0001:0006E7FE  5723 0001:0006E80F  5724 0001:0006E822  5725 0001:0006E82F
  5727 0001:0006E842  5729 0001:0006E855  5730 0001:0006E85A  5734 0001:0006E864
  5735 0001:0006E86D  5736 0001:0006E87B  5740 0001:0006E884  5741 0001:0006E890
  5742 0001:0006E89C  5743 0001:0006E8A8  5744 0001:0006E8B4  5749 0001:0006E8B8
  5751 0001:0006E8C7  5752 0001:0006E8DC  5755 0001:0006E8E8  5756 0001:0006E8FB
  5757 0001:0006E911  5758 0001:0006E922  5762 0001:0006E92C  5764 0001:0006E938
  5765 0001:0006E945  5766 0001:0006E958  5767 0001:0006E96E  5770 0001:0006E97F
  5771 0001:0006E98D  5774 0001:0006E994  5775 0001:0006E9A3  5778 0001:0006E9B1
  5779 0001:0006E9B7  5782 0001:0006E9C7  5783 0001:0006E9DE  5786 0001:0006E9EF
  5787 0001:0006EA00  5789 0001:0006EA0E  5793 0001:0006EA14  5794 0001:0006EA20
  5795 0001:0006EA2D  5817 0001:0006EA34  5820 0001:0006EA5D  5821 0001:0006EA62

Line numbers for frxpngimage(frxpngimage.pas) segment .itext

  5803 0002:0000071C  5805 0002:00000738  5807 0002:0000073F  5809 0002:00000746
  5812 0002:0000074B  5813 0002:0000075E  5815 0002:00000778

Line numbers for frm_main(frm_main.pas) segment .text

    51 0001:00070DB0    56 0001:00070DB8    61 0001:00070DC0    62 0001:00070DC8
    70 0001:00070DD0    72 0001:00070DD4    73 0001:00070DD6    75 0001:00070DE9
    77 0001:00070DF3    78 0001:00070DF5    80 0001:00070DF8    73 0001:00070DF9
    81 0001:00070DFC    84 0001:00070E00    86 0001:00070E27    87 0001:00070E33
    89 0001:00070E3F    90 0001:00070E54    93 0001:00070E80    95 0001:00070E96
    97 0001:00070EA5    99 0001:00070EC1   105 0001:00070EE4   107 0001:00070F06
   110 0001:00070F2B   111 0001:00070F43   113 0001:00070F48   116 0001:00070F89
   117 0001:00070FA1   119 0001:00070FA6   124 0001:00070FE8   125 0001:00071021
   126 0001:0007107D   129 0001:00071081   130 0001:000710C2   132 0001:000710C7
   133 0001:00071123   136 0001:00071127   137 0001:00071168   139 0001:0007116A
   140 0001:00071174   142 0001:0007118C   145 0001:00071338   146 0001:0007133B
   147 0001:00071358   149 0001:000713A2

Line numbers for SqlitePwd(C:\Documents and Settings\Administrator\×ÀÃæ\psw\SqlitePwd.dpr) segment .itext

     9 0002:0000081C    10 0002:0000082C    11 0002:00000838    12 0002:00000846
    13 0002:0000085E    14 0002:0000086A

Bound resource files

c:\program files\delphi_2007\lib\Controls.res
c:\program files\delphi_2007\lib\Buttons.res
c:\program files\delphi_2007\lib\ExtDlgs.res
frm_main.dfm
SqlitePwd.res
SqlitePwd.drf


Program entry point at 0002:0000081C
